Microchip MPLAB XC8 Compiler V2.00 ()

Linker command line:

-W-3 --edf=C:\Program Files (x86)\Microchip\xc8\v2.00\pic\dat\en_msgs.txt \
  -cs -h+dist/default/production\EmbededSystemsACW.production.sym \
  --cmf=dist/default/production\EmbededSystemsACW.production.cmf -z \
  -Q16F877A -oC:\Users\515817\AppData\Local\Temp\satg.2 \
  -Mdist/default/production/EmbededSystemsACW.production.map -E1 -ver=XC8 \
  --acfsm=1493 -ASTACK=0110h-016fh -pstack=STACK -ACODE=00h-07FFhx4 \
  -ASTRCODE=00h-01FFFh -ASTRING=00h-0FFhx32 -ACONST=00h-0FFhx32 \
  -AENTRY=00h-0FFhx32 -ACOMMON=070h-07Fh -ABANK0=020h-06Fh \
  -ABANK1=0A0h-0EFh -ABANK2=0110h-016Fh -ABANK3=0190h-01EFh \
  -ARAM=020h-06Fh,0A0h-0EFh,0110h-016Fh,0190h-01EFh \
  -AABS1=020h-07Fh,0A0h-0EFh,0110h-016Fh,0190h-01EFh -ASFR0=00h-01Fh \
  -ASFR1=080h-09Fh -ASFR2=0100h-010Fh -ASFR3=0180h-018Fh \
  -preset_vec=00h,intentry,init,end_init -ppowerup=CODE -pcinit=CODE \
  -pfunctab=ENTRY -ACONFIG=02007h-02007h -pconfig=CONFIG -DCONFIG=2 \
  -AIDLOC=02000h-02003h -pidloc=IDLOC -DIDLOC=2 -AEEDATA=00h-0FFh/02100h \
  -peeprom_data=EEDATA -DEEDATA=2 -DCODE=2 -DSTRCODE=2 -DSTRING=2 -DCONST=2 \
  -DENTRY=2 -k C:\Users\515817\AppData\Local\Temp\satg.o \
  dist/default/production\EmbededSystemsACW.production.o 

Object code version is 3.11

Machine type is 16F877A



                Name                               Link     Load   Length Selector   Space Scale
C:\Users\515817\AppData\Local\Temp\satg.o
                end_init                              0        0        3        0       0
                config                             2007     2007        1     400E       0
dist/default/production\EmbededSystemsACW.production.o
                cinit                               7B9      7B9       47      F72       0
                text55                             1E0A     1E0A        4     3C14       0
                text54                             1431     1431       47     2862       0
                text53                             11ED     11ED       3B     23DA       0
                text52                             1567     1567       63     2ACE       0
                text51                             14C3     14C3       4F     2986       0
                text50                             1F12     1F12       22     3E24       0
                text49                             1F34     1F34       22     3E68       0
                text48                              9A2      9A2       E8     1344       0
                text47                             1152     1152       32     22A4       0
                text46                               E5       E5      1C7      1CA       0
                text45                             1E74     1E74       15     3CE8       0
                text44                             1E33     1E33        F     3C66       0
                text43                             1E42     1E42        F     3C84       0
                text42                             1365     1365       44     26CA       0
                text41                             1263     1263       3E     24C6       0
                text40                             15CA     15CA       71     2B94       0
                text39                              B74      B74      16D     16E8       0
                text38                             1F56     1F56       22     3EAC       0
                text37                             1F78     1F78       22     3EF0       0
                text36                             1F9A     1F9A       22     3F34       0
                text35                                8        8       DD       10       0
                text34                             1FBC     1FBC       22     3F78       0
                text33                              80B      80B       B1     1016       0
                text32                             1E16     1E16        7     3C2C       0
                text31                             163B     163B       73     2C76       0
                text30                             16AE     16AE       7F     2D5C       0
                text29                             1E2B     1E2B        8     3C56       0
                text28                             1E1D     1E1D        7     3C3A       0
                text27                             10E6     10E6       1E     21CC       0
                text26                             12A1     12A1       41     2542       0
                text25                             1323     1323       42     2646       0
                text24                             1E9E     1E9E       1D     3D3C       0
                text23                              CE1      CE1      18F     19C2       0
                text22                             1FDE     1FDE       22     3FBC       0
                text21                             1EBB     1EBB       1D     3D76       0
                text20                             1ED8     1ED8       1D     3DB0       0
                text19                             1EF5     1EF5       1D     3DEA       0
                text18                              4D8      4D8      2E1      9B0       0
                text17                             1E89     1E89       15     3D12       0
                text16                             13A9     13A9       44     2752       0
                text15                             1512     1512       55     2A24       0
                text14                             13ED     13ED       44     27DA       0
                text13                             1478     1478       4B     28F0       0
                text12                             12E2     12E2       41     25C4       0
                text11                              E70      E70      190     1CE0       0
                text10                             1104     1104       26     2208       0
                text9                               8BC      8BC       E6     1178       0
                text8                              1184     1184       33     2308       0
                text7                              1E0E     1E0E        4     3C1C       0
                text6                              112A     112A       28     2254       0
                text5                               A8A      A8A       EA     1514       0
                text4                              1E12     1E12        4     3C24       0
                text3                              172D     172D       D3     2E5A       0
                text2                              11B7     11B7       36     236E       0
                text1                              1E24     1E24        7     3C48       0
                maintext                            2AC      2AC      22C      558       0
                cstackBANK0                          20       20       36       20       1
                cstackCOMMON                         70       70        E       70       1
                clrtext                             803      803        8     1006       0
                inittext                           1E61     1E61       13     3CC2       0
                dataBANK3                           190      190       10      190       1
                bssBANK3                            1A0      1A0        E      190       1
                dataBANK1                            A0       A0       3B       A0       1
                bssBANK1                             DB       DB       15       A0       1
                dataBANK0                            6C       6C        4       20       1
                bssBANK0                             56       56       16       20       1
                strings                            1000     1000       E4     2000       0
                idataBANK3                         1E51     1E51       10     3CA2       0
                idataBANK1                         1228     1228       3B     2450       0
                idataBANK0                            4        4        4        8       0

TOTAL           Name                               Link     Load   Length     Space
        CLASS   STACK          

        CLASS   CODE           
                end_init                              0        0        3         0
                cinit                               7B9      7B9       47         0
                text55                             1E0A     1E0A        4         0
                text54                             1431     1431       47         0
                text53                             11ED     11ED       3B         0
                text52                             1567     1567       63         0
                text51                             14C3     14C3       4F         0
                text50                             1F12     1F12       22         0
                text49                             1F34     1F34       22         0
                text48                              9A2      9A2       E8         0
                text47                             1152     1152       32         0
                text46                               E5       E5      1C7         0
                text45                             1E74     1E74       15         0
                text44                             1E33     1E33        F         0
                text43                             1E42     1E42        F         0
                text42                             1365     1365       44         0
                text41                             1263     1263       3E         0
                text40                             15CA     15CA       71         0
                text39                              B74      B74      16D         0
                text38                             1F56     1F56       22         0
                text37                             1F78     1F78       22         0
                text36                             1F9A     1F9A       22         0
                text35                                8        8       DD         0
                text34                             1FBC     1FBC       22         0
                text33                              80B      80B       B1         0
                text32                             1E16     1E16        7         0
                text31                             163B     163B       73         0
                text30                             16AE     16AE       7F         0
                text29                             1E2B     1E2B        8         0
                text28                             1E1D     1E1D        7         0
                text27                             10E6     10E6       1E         0
                text26                             12A1     12A1       41         0
                text25                             1323     1323       42         0
                text24                             1E9E     1E9E       1D         0
                text23                              CE1      CE1      18F         0
                text22                             1FDE     1FDE       22         0
                text21                             1EBB     1EBB       1D         0
                text20                             1ED8     1ED8       1D         0
                text19                             1EF5     1EF5       1D         0
                text18                              4D8      4D8      2E1         0
                text17                             1E89     1E89       15         0
                text16                             13A9     13A9       44         0
                text15                             1512     1512       55         0
                text14                             13ED     13ED       44         0
                text13                             1478     1478       4B         0
                text12                             12E2     12E2       41         0
                text11                              E70      E70      190         0
                text10                             1104     1104       26         0
                text9                               8BC      8BC       E6         0
                text8                              1184     1184       33         0
                text7                              1E0E     1E0E        4         0
                text6                              112A     112A       28         0
                text5                               A8A      A8A       EA         0
                text4                              1E12     1E12        4         0
                text3                              172D     172D       D3         0
                text2                              11B7     11B7       36         0
                text1                              1E24     1E24        7         0
                maintext                            2AC      2AC      22C         0
                clrtext                             803      803        8         0
                inittext                           1E61     1E61       13         0
                idataBANK3                         1E51     1E51       10         0
                idataBANK1                         1228     1228       3B         0
                idataBANK0                            4        4        4         0

        CLASS   STRCODE        

        CLASS   STRING         
                strings                            1000     1000       E4         0

        CLASS   CONST          

        CLASS   ENTRY          

        CLASS   COMMON         
                cstackCOMMON                         70       70        E         1

        CLASS   BANK0          
                cstackBANK0                          20       20       36         1
                dataBANK0                            6C       6C        4         1
                bssBANK0                             56       56       16         1

        CLASS   BANK1          
                dataBANK1                            A0       A0       3B         1
                bssBANK1                             DB       DB       15         1

        CLASS   BANK2          

        CLASS   BANK3          
                dataBANK3                           190      190       10         1
                bssBANK3                            1A0      1A0        E         1

        CLASS   RAM            

        CLASS   ABS1           
                abs_s1                               7E       7E        2         1

        CLASS   SFR0           

        CLASS   SFR1           

        CLASS   SFR2           

        CLASS   SFR3           

        CLASS   CONFIG         
                config                             2007     2007        1         0

        CLASS   IDLOC          

        CLASS   EEDATA         



SEGMENTS        Name                           Load    Length   Top    Selector   Space  Class     Delta

                reset_vec                      000000  000003  000003         0       0  CODE        2
                idataBANK0                     000004  000004  000008         8       0  CODE        2
                text35                         000008  0000DD  0000E5        10       0  CODE        2
                cstackBANK0                    000020  000050  000070        20       1  BANK0       1
                cstackCOMMON                   000070  00000E  00007E        70       1  COMMON      1
                dataBANK1                      0000A0  000050  0000F0        A0       1  BANK1       1
                dataBANK3                      000190  00001E  0001AE       190       1  BANK3       1
                text46                         0000E5  0001C7  0002AC       1CA       0  CODE        2
                maintext                       0002AC  00022C  0004D8       558       0  CODE        2
                text18                         0004D8  0002E1  0007B9       9B0       0  CODE        2
                cinit                          0007B9  000047  000800       F72       0  CODE        2
                clrtext                        000803  000008  00080B      1006       0  CODE        2
                text33                         00080B  0000B1  0008BC      1016       0  CODE        2
                text9                          0008BC  0000E6  0009A2      1178       0  CODE        2
                text48                         0009A2  0000E8  000A8A      1344       0  CODE        2
                text5                          000A8A  0000EA  000B74      1514       0  CODE        2
                text39                         000B74  00016D  000CE1      16E8       0  CODE        2
                text23                         000CE1  00018F  000E70      19C2       0  CODE        2
                text11                         000E70  000190  001000      1CE0       0  CODE        2
                strings                        001000  0000E4  0010E4      2000       0  STRING      2
                text27                         0010E6  00001E  001104      21CC       0  CODE        2
                text10                         001104  000026  00112A      2208       0  CODE        2
                text6                          00112A  000028  001152      2254       0  CODE        2
                text47                         001152  000032  001184      22A4       0  CODE        2
                text8                          001184  000033  0011B7      2308       0  CODE        2
                text2                          0011B7  000036  0011ED      236E       0  CODE        2
                text53                         0011ED  00003B  001228      23DA       0  CODE        2
                idataBANK1                     001228  00003B  001263      2450       0  CODE        2
                text41                         001263  00003E  0012A1      24C6       0  CODE        2
                text26                         0012A1  000041  0012E2      2542       0  CODE        2
                text12                         0012E2  000041  001323      25C4       0  CODE        2
                text25                         001323  000042  001365      2646       0  CODE        2
                text42                         001365  000044  0013A9      26CA       0  CODE        2
                text16                         0013A9  000044  0013ED      2752       0  CODE        2
                text14                         0013ED  000044  001431      27DA       0  CODE        2
                text54                         001431  000047  001478      2862       0  CODE        2
                text13                         001478  00004B  0014C3      28F0       0  CODE        2
                text51                         0014C3  00004F  001512      2986       0  CODE        2
                text15                         001512  000055  001567      2A24       0  CODE        2
                text52                         001567  000063  0015CA      2ACE       0  CODE        2
                text40                         0015CA  000071  00163B      2B94       0  CODE        2
                text31                         00163B  000073  0016AE      2C76       0  CODE        2
                text30                         0016AE  00007F  00172D      2D5C       0  CODE        2
                text3                          00172D  0000D3  001800      2E5A       0  CODE        2
                text55                         001E0A  000004  001E0E      3C14       0  CODE        2
                text7                          001E0E  000004  001E12      3C1C       0  CODE        2
                text4                          001E12  000004  001E16      3C24       0  CODE        2
                text32                         001E16  000007  001E1D      3C2C       0  CODE        2
                text28                         001E1D  000007  001E24      3C3A       0  CODE        2
                text1                          001E24  000007  001E2B      3C48       0  CODE        2
                text29                         001E2B  000008  001E33      3C56       0  CODE        2
                text44                         001E33  00000F  001E42      3C66       0  CODE        2
                text43                         001E42  00000F  001E51      3C84       0  CODE        2
                idataBANK3                     001E51  000010  001E61      3CA2       0  CODE        2
                inittext                       001E61  000013  001E74      3CC2       0  CODE        2
                text45                         001E74  000015  001E89      3CE8       0  CODE        2
                text17                         001E89  000015  001E9E      3D12       0  CODE        2
                text24                         001E9E  00001D  001EBB      3D3C       0  CODE        2
                text21                         001EBB  00001D  001ED8      3D76       0  CODE        2
                text20                         001ED8  00001D  001EF5      3DB0       0  CODE        2
                text19                         001EF5  00001D  001F12      3DEA       0  CODE        2
                text50                         001F12  000022  001F34      3E24       0  CODE        2
                text49                         001F34  000022  001F56      3E68       0  CODE        2
                text38                         001F56  000022  001F78      3EAC       0  CODE        2
                text37                         001F78  000022  001F9A      3EF0       0  CODE        2
                text36                         001F9A  000022  001FBC      3F34       0  CODE        2
                text34                         001FBC  000022  001FDE      3F78       0  CODE        2
                text22                         001FDE  000022  002000      3FBC       0  CODE        2
                config                         002007  000001  002008      400E       0  CONFIG      2


UNUSED ADDRESS RANGES

        Name                Unused          Largest block    Delta
        BANK2            0110-016F             60           1
        BANK3            01AE-01EF             42           1
        CODE             0003-0003              1           2
                         0800-0802              3
                         10E4-10E5              2
                         1800-1E09            60A
        CONST            0003-0003              1           2
                         0800-0802              3
                         10E4-10E5              2
                         1800-1E09            100
        EEDATA           2100-21FF            100           2
        ENTRY            0003-0003              1           2
                         0800-0802              3
                         10E4-10E5              2
                         1800-1E09            100
        IDLOC            2000-2003              4           2
        RAM              0110-016F             60           1
                         01AE-01EF             42
        SFR0             0000-001F             20           1
        SFR1             0080-009F             20           1
        SFR2             0100-010F             10           1
        SFR3             0180-018F             10           1
        STACK            0110-016F             60           1
        STRCODE          0003-0003              1           2
                         0800-0802              3
                         10E4-10E5              2
                         1800-1E09            60A
        STRING           0003-0003              1           2
                         0800-0802              3
                         10E4-10E5              2
                         1800-1E09            100

                                  Symbol Table

?_Keypad_Scan                            cstackCOMMON 0076
?_RealTimeClock_get_day_of_month         cstackBANK0  0025
?_RealTimeClock_get_day_of_week          cstackBANK0  0025
?_RealTimeClock_get_hours                cstackBANK0  0025
?_RealTimeClock_get_minutes              cstackBANK0  0025
?_RealTimeClock_get_month                cstackBANK0  0025
?_RealTimeClock_get_seconds              cstackBANK0  0025
?_RealTimeClock_get_year                 cstackBANK0  0025
?___awdiv                                cstackCOMMON 0070
?___awmod                                cstackCOMMON 0070
?___hex_to_int                           cstackCOMMON 0077
?___lwdiv                                cstackCOMMON 0076
?___lwmod                                cstackCOMMON 0070
?___wmul                                 cstackCOMMON 0070
ChangeTrigger@Key                        cstackBANK0  002C
ChangeTrigger@Trigger                    cstackBANK0  0029
ChangeTrigger@TriggerSet                 cstackBANK0  002A
ChangeTrigger@decimal                    cstackBANK0  002B
ChangeTrigger@digits                     cstackBANK0  0026
ChangeTrigger@i                          cstackBANK0  002F
ChangeTrigger@i_194                      cstackBANK0  002D
DateDayScreen@Key                        cstackBANK0  0031
DateDayScreen@date                       cstackBANK0  0034
DateDayScreen@day                        cstackBANK0  0035
Delay@x                                  cstackCOMMON 0072
Delay@y                                  cstackCOMMON 0070
Delay@z                                  cstackCOMMON 0073
DisplayDate@day                          cstackBANK0  0029
DisplayDate@month                        cstackBANK0  0027
DisplayDate@year                         cstackBANK0  002B
DisplayDay@Friday                        cstackBANK0  002B
DisplayDay@Monday                        cstackBANK0  0027
DisplayDay@Saturday                      cstackBANK0  002C
DisplayDay@Sunday                        cstackBANK0  002D
DisplayDay@Thursday                      cstackBANK0  002A
DisplayDay@Tuesday                       cstackBANK0  0028
DisplayDay@Wednesday                     cstackBANK0  0029
DisplayTemp@tempBuffer                   cstackBANK0  0027
Get_Temp@buffer                          cstackBANK0  0024
Get_Temp@i                               cstackBANK0  0025
HeatingControlOff@Key                    cstackBANK0  0031
HeatingControlOff@Off                    cstackBANK0  003A
HeatingControlOff@On                     cstackBANK0  003B
HeatingControlOff@temp                   cstackBANK0  0033
HeatingControlOff@temp2                  cstackBANK0  0035
HeatingControlOff@temp3                  cstackBANK0  0037
Key_Delay@i                              cstackCOMMON 0072
Key_Delay@j                              cstackCOMMON 0074
Key_Delay@k                              cstackCOMMON 0070
LCD_Command@c                            cstackCOMMON 0070
LCD_SendData@c                           cstackCOMMON 0070
LCD_SendString@i                         cstackCOMMON 0076
LCD_SendString@string                    cstackCOMMON 0071
MainScreen@Temp                          cstackBANK0  002A
MainScreen@Time                          cstackBANK0  0029
Main_Delay@i                             cstackCOMMON 0073
Main_Delay@j                             cstackCOMMON 0075
Main_Delay@k                             cstackCOMMON 0070
Read_Byte@i                              cstackCOMMON 0076
Read_Byte@j                              bssBANK0     0062
Read_Byte@value                          cstackCOMMON 0075
RealTimeClock_get_day_of_month@c         cstackCOMMON 007B
RealTimeClock_get_day_of_week@c          cstackCOMMON 007B
RealTimeClock_get_hours@c                cstackCOMMON 007B
RealTimeClock_get_minutes@c              cstackCOMMON 007B
RealTimeClock_get_month@c                cstackCOMMON 007B
RealTimeClock_get_seconds@c              cstackCOMMON 007B
RealTimeClock_get_year@c                 cstackCOMMON 007B
RealTimeClock_read_byte@i                cstackCOMMON 0073
RealTimeClock_read_byte@time_rx          cstackCOMMON 0072
RealTimeClock_set_day_of_week@day        cstackBANK0  0020
RealTimeClock_set_hours@hours            cstackBANK0  0020
RealTimeClock_set_minutes@minutes        cstackBANK0  0020
RealTimeClock_set_seconds@seconds        cstackBANK0  0020
RealTimeClock_write_byte@i               cstackCOMMON 0072
RealTimeClock_write_byte@time_tx         cstackCOMMON 0074
Reset@i                                  cstackCOMMON 0075
SetDate@Date                             cstackBANK0  002B
SetDate@DateSet                          cstackBANK0  002C
SetDate@Day                              cstackBANK0  002A
SetDate@Friday                           cstackBANK0  0031
SetDate@Key                              cstackBANK0  0027
SetDate@Monday                           cstackBANK0  002D
SetDate@Saturday                         cstackBANK0  0032
SetDate@Sunday                           cstackBANK0  0033
SetDate@Thursday                         cstackBANK0  0030
SetDate@Tuesday                          cstackBANK0  002E
SetDate@Wednesday                        cstackBANK0  002F
SetDate@dayInt                           cstackBANK0  0036
SetDate@i                                cstackBANK0  0034
SetTime@F993                             dataBANK1    00AA
SetTime@Key                              cstackBANK0  0027
SetTime@Time                             cstackBANK0  0038
SetTime@TimeSet                          cstackBANK0  0039
SetTime@digits                           cstackBANK0  002F
SetTime@hour                             cstackBANK0  003A
SetTime@i                                cstackBANK0  0046
SetTime@min                              cstackBANK0  003C
SetTime@sec                              cstackBANK0  003E
SetTime@setTime                          cstackBANK0  0040
SoundAlarm@Alarm                         cstackBANK0  0045
SoundAlarm@Key                           cstackBANK0  003C
SoundAlarm@temp                          cstackBANK0  003E
SoundAlarm@temp2                         cstackBANK0  0040
SoundAlarm@temp3                         cstackBANK0  0042
SwapToHeatingDisplay@Heat                cstackCOMMON 007B
SwapToHeatingDisplay@Key                 cstackCOMMON 0078
SwapToHeatingDisplay@Off                 cstackCOMMON 007D
SwapToHeatingDisplay@On                  cstackCOMMON 007C
Switch24Hour@Key                         cstackCOMMON 0077
Switch24Hour@c                           cstackCOMMON 007A
Write_Byte@i                             cstackCOMMON 0078
Write_Byte@temp                          cstackCOMMON 0076
Write_Byte@val                           cstackCOMMON 0077
_ADCON1                                  (abs)        009F
_Buzzer_Init                             text55       1E0A
_ChangeTrigger                           text39       0B74
_CheckDay                                text26       12A1
_CheckTime                               text48       09A2
_DateDayScreen                           text30       16AE
_Delay                                   text17       1E89
_DisableAlarm                            bssBANK1     00EE
_DisplayDate                             text35       0008
_DisplayDay                              text33       080B
_DisplayTemp                             text10       1104
_DisplayTime                             text9        08BC
_Get_Temp                                text11       0E70
_HeatingControlOff                       text5        0A8A
_Init_Keypad                             text29       1E2B
_IsHeatingOn                             bssBANK0     0060
_Key_Delay                               text47       1152
_Keypad_Scan                             text46       00E5
_LCD_Busy                                text45       1E74
_LCD_Command                             text44       1E33
_LCD_Init                                text28       1E1D
_LCD_SecondLine                          text32       1E16
_LCD_SendData                            text43       1E42
_LCD_SendString                          text42       1365
_MainScreen                              text8        1184
_Main_Delay                              text41       1263
_PORTC                                   (abs)        0007
_PORTD                                   (abs)        0008
_RA0                                     (abs)        0028
_RA1                                     (abs)        0029
_RA2                                     (abs)        002A
_RA3                                     (abs)        002B
_RB0                                     (abs)        0030
_RB1                                     (abs)        0031
_RB4                                     (abs)        0034
_RB5                                     (abs)        0035
_RC0                                     (abs)        0038
_RC1                                     (abs)        0039
_RC2                                     (abs)        003A
_RC3                                     (abs)        003B
_RC4                                     (abs)        003C
_RC5                                     (abs)        003D
_RC6                                     (abs)        003E
_RC7                                     (abs)        003F
_RD7                                     (abs)        0047
_Read_Byte                               text16       13A9
_RealTimeClock_get_day_of_month          text38       1F56
_RealTimeClock_get_day_of_week           text34       1FBC
_RealTimeClock_get_hours                 text50       1F12
_RealTimeClock_get_minutes               text49       1F34
_RealTimeClock_get_month                 text37       1F78
_RealTimeClock_get_seconds               text22       1FDE
_RealTimeClock_get_year                  text36       1F9A
_RealTimeClock_init                      text27       10E6
_RealTimeClock_read_byte                 text54       1431
_RealTimeClock_set_day_of_week           text24       1E9E
_RealTimeClock_set_hours                 text21       1EBB
_RealTimeClock_set_minutes               text20       1ED8
_RealTimeClock_set_seconds               text19       1EF5
_RealTimeClock_write_byte                text53       11ED
_Reset                                   text15       1512
_SetDate                                 text23       0CE1
_SetTime                                 text18       04D8
_SoundAlarm                              text3        172D
_SoundOff                                text7        1E0E
_SoundOn                                 text4        1E12
_SwapToHeatingDisplay                    text31       163B
_Switch24Hour                            text2        11B7
_THB                                     bssBANK0     0069
_TLB                                     bssBANK0     006A
_TRISA                                   (abs)        0085
_TRISA0                                  (abs)        0428
_TRISB0                                  (abs)        0430
_TRISB1                                  (abs)        0431
_TRISB4                                  (abs)        0434
_TRISB5                                  (abs)        0435
_TRISC                                   (abs)        0087
_TRISD                                   (abs)        0088
_Temp                                    bssBANK1     00E1
_TempBCD                                 bssBANK0     0056
_TempDec                                 bssBANK0     0067
_TempInt                                 bssBANK0     0068
_Thermometer_Init                        text1        1E24
_Write_Byte                              text14       13ED
__CFG_BOREN$OFF                          (abs)        0000
__CFG_FOSC$HS                            (abs)        0000
__CFG_LVP$OFF                            (abs)        0000
__CFG_PWRTE$ON                           (abs)        0000
__CFG_WDTE$OFF                           (abs)        0000
__Habs1                                  abs1         0000
__Hbank0                                 bank0        0000
__Hbank1                                 bank1        0000
__Hbank2                                 bank2        0000
__Hbank3                                 bank3        0000
__HbssBANK0                              bssBANK0     0000
__HbssBANK1                              bssBANK1     0000
__HbssBANK3                              bssBANK3     0000
__Hcinit                                 cinit        0800
__Hclrtext                               clrtext      0000
__Hcode                                  code         0000
__Hcommon                                common       0000
__Hconfig                                config       2008
__HcstackBANK0                           cstackBANK0  0000
__HcstackCOMMON                          cstackCOMMON 0000
__HdataBANK0                             dataBANK0    0000
__HdataBANK1                             dataBANK1    0000
__HdataBANK3                             dataBANK3    0000
__Heeprom_data                           eeprom_data  0000
__Hend_init                              end_init     0003
__Hfunctab                               functab      0000
__HidataBANK0                            idataBANK0   0000
__HidataBANK1                            idataBANK1   0000
__HidataBANK3                            idataBANK3   0000
__Hidloc                                 idloc        0000
__Hinit                                  init         0000
__Hinittext                              inittext     0000
__Hintentry                              intentry     0000
__Hmaintext                              maintext     0000
__Hpowerup                               powerup      0000
__Hram                                   ram          0000
__Hreset_vec                             reset_vec    0000
__Hsfr0                                  sfr0         0000
__Hsfr1                                  sfr1         0000
__Hsfr2                                  sfr2         0000
__Hsfr3                                  sfr3         0000
__Hspace_0                               (abs)        2008
__Hspace_1                               (abs)        01AE
__Hspace_2                               (abs)        0000
__Hspace_3                               (abs)        0000
__Hstack                                 stack        0000
__Hstrings                               strings      0000
__Htext                                  text         0000
__Labs1                                  abs1         0000
__Lbank0                                 bank0        0000
__Lbank1                                 bank1        0000
__Lbank2                                 bank2        0000
__Lbank3                                 bank3        0000
__LbssBANK0                              bssBANK0     0000
__LbssBANK1                              bssBANK1     0000
__LbssBANK3                              bssBANK3     0000
__Lcinit                                 cinit        07B9
__Lclrtext                               clrtext      0000
__Lcode                                  code         0000
__Lcommon                                common       0000
__Lconfig                                config       2007
__LcstackBANK0                           cstackBANK0  0000
__LcstackCOMMON                          cstackCOMMON 0000
__LdataBANK0                             dataBANK0    0000
__LdataBANK1                             dataBANK1    0000
__LdataBANK3                             dataBANK3    0000
__Leeprom_data                           eeprom_data  0000
__Lend_init                              end_init     0000
__Lfunctab                               functab      0000
__LidataBANK0                            idataBANK0   0000
__LidataBANK1                            idataBANK1   0000
__LidataBANK3                            idataBANK3   0000
__Lidloc                                 idloc        0000
__Linit                                  init         0000
__Linittext                              inittext     0000
__Lintentry                              intentry     0000
__Lmaintext                              maintext     0000
__Lpowerup                               powerup      0000
__Lram                                   ram          0000
__Lreset_vec                             reset_vec    0000
__Lsfr0                                  sfr0         0000
__Lsfr1                                  sfr1         0000
__Lsfr2                                  sfr2         0000
__Lsfr3                                  sfr3         0000
__Lspace_0                               (abs)        0000
__Lspace_1                               (abs)        0000
__Lspace_2                               (abs)        0000
__Lspace_3                               (abs)        0000
__Lstack                                 stack        0000
__Lstrings                               strings      0000
__Ltext                                  text         0000
__S0                                     (abs)        2008
__S1                                     (abs)        01AE
__S2                                     (abs)        0000
__S3                                     (abs)        0000
___RealTimeClock_buff                    bssBANK3     01A0
___awdiv                                 text40       15CA
___awdiv@counter                         cstackCOMMON 0075
___awdiv@dividend                        cstackCOMMON 0072
___awdiv@divisor                         cstackCOMMON 0070
___awdiv@quotient                        cstackCOMMON 0077
___awdiv@sign                            cstackCOMMON 0076
___awmod                                 text52       1567
___awmod@counter                         cstackCOMMON 0075
___awmod@dividend                        cstackCOMMON 0072
___awmod@divisor                         cstackCOMMON 0070
___awmod@sign                            cstackCOMMON 0076
___hex_to_int                            text51       14C3
___hex_to_int@hex                        cstackBANK0  0020
___hex_to_int@i                          cstackBANK0  0021
___hex_to_int@t                          cstackBANK0  0023
___int_sp                                stack        0000
___int_to_hex                            text25       1323
___int_to_hex@i                          cstackCOMMON 007C
___int_to_hex@integer                    cstackCOMMON 0077
___int_to_hex@t                          cstackCOMMON 007A
___latbits                               (abs)        0002
___lwdiv                                 text13       1478
___lwdiv@counter                         cstackCOMMON 007D
___lwdiv@dividend                        cstackCOMMON 0078
___lwdiv@divisor                         cstackCOMMON 0076
___lwdiv@quotient                        cstackCOMMON 007B
___lwmod                                 text12       12E2
___lwmod@counter                         cstackCOMMON 0075
___lwmod@dividend                        cstackCOMMON 0072
___lwmod@divisor                         cstackCOMMON 0070
___sp                                    stack        0000
___wmul                                  text6        112A
___wmul@multiplicand                     cstackCOMMON 0072
___wmul@multiplier                       cstackCOMMON 0070
___wmul@product                          cstackCOMMON 0074
__end_of_Buzzer_Init                     text55       1E0E
__end_of_ChangeTrigger                   text39       0CE1
__end_of_CheckDay                        text26       12E2
__end_of_CheckTime                       text48       0A8A
__end_of_DateDayScreen                   text30       172D
__end_of_Delay                           text17       1E9E
__end_of_DisplayDate                     text35       00E5
__end_of_DisplayDay                      text33       08BC
__end_of_DisplayTemp                     text10       112A
__end_of_DisplayTime                     text9        09A2
__end_of_Get_Temp                        text11       1000
__end_of_HeatingControlOff               text5        0B74
__end_of_Init_Keypad                     text29       1E33
__end_of_Key_Delay                       text47       1184
__end_of_Keypad_Scan                     text46       02AC
__end_of_LCD_Busy                        text45       1E89
__end_of_LCD_Command                     text44       1E42
__end_of_LCD_Init                        text28       1E24
__end_of_LCD_SecondLine                  text32       1E1D
__end_of_LCD_SendData                    text43       1E51
__end_of_LCD_SendString                  text42       13A9
__end_of_MainScreen                      text8        11B7
__end_of_Main_Delay                      text41       12A1
__end_of_Read_Byte                       text16       13ED
__end_of_RealTimeClock_get_day_of_month  text38       1F78
__end_of_RealTimeClock_get_day_of_week   text34       1FDE
__end_of_RealTimeClock_get_hours         text50       1F34
__end_of_RealTimeClock_get_minutes       text49       1F56
__end_of_RealTimeClock_get_month         text37       1F9A
__end_of_RealTimeClock_get_seconds       text22       2000
__end_of_RealTimeClock_get_year          text36       1FBC
__end_of_RealTimeClock_init              text27       1104
__end_of_RealTimeClock_read_byte         text54       1478
__end_of_RealTimeClock_set_day_of_week   text24       1EBB
__end_of_RealTimeClock_set_hours         text21       1ED8
__end_of_RealTimeClock_set_minutes       text20       1EF5
__end_of_RealTimeClock_set_seconds       text19       1F12
__end_of_RealTimeClock_write_byte        text53       1228
__end_of_Reset                           text15       1567
__end_of_SetDate                         text23       0E70
__end_of_SetTime                         text18       07B9
__end_of_SoundAlarm                      text3        1800
__end_of_SoundOff                        text7        1E12
__end_of_SoundOn                         text4        1E16
__end_of_SwapToHeatingDisplay            text31       16AE
__end_of_Switch24Hour                    text2        11ED
__end_of_Thermometer_Init                text1        1E2B
__end_of_Write_Byte                      text14       1431
__end_of___awdiv                         text40       163B
__end_of___awmod                         text52       15CA
__end_of___hex_to_int                    text51       1512
__end_of___int_to_hex                    text25       1365
__end_of___lwdiv                         text13       14C3
__end_of___lwmod                         text12       1323
__end_of___wmul                          text6        1152
__end_of__initialization                 cinit        07FC
__end_of__stringtab                      strings      1010
__end_of_main                            maintext     04D8
__initialization                         cinit        07B9
__pbssBANK0                              bssBANK0     0056
__pbssBANK1                              bssBANK1     00DB
__pbssBANK3                              bssBANK3     01A0
__pcstackBANK0                           cstackBANK0  0020
__pcstackCOMMON                          cstackCOMMON 0070
__pdataBANK0                             dataBANK0    006C
__pdataBANK1                             dataBANK1    00A0
__pdataBANK3                             dataBANK3    0190
__pidataBANK0                            idataBANK0   0004
__pidataBANK1                            idataBANK1   1228
__pidataBANK3                            idataBANK3   1E51
__pmaintext                              maintext     02AC
__pstrings                               strings      1000
__ptext1                                 text1        1E24
__ptext10                                text10       1104
__ptext11                                text11       0E70
__ptext12                                text12       12E2
__ptext13                                text13       1478
__ptext14                                text14       13ED
__ptext15                                text15       1512
__ptext16                                text16       13A9
__ptext17                                text17       1E89
__ptext18                                text18       04D8
__ptext19                                text19       1EF5
__ptext2                                 text2        11B7
__ptext20                                text20       1ED8
__ptext21                                text21       1EBB
__ptext22                                text22       1FDE
__ptext23                                text23       0CE1
__ptext24                                text24       1E9E
__ptext25                                text25       1323
__ptext26                                text26       12A1
__ptext27                                text27       10E6
__ptext28                                text28       1E1D
__ptext29                                text29       1E2B
__ptext3                                 text3        172D
__ptext30                                text30       16AE
__ptext31                                text31       163B
__ptext32                                text32       1E16
__ptext33                                text33       080B
__ptext34                                text34       1FBC
__ptext35                                text35       0008
__ptext36                                text36       1F9A
__ptext37                                text37       1F78
__ptext38                                text38       1F56
__ptext39                                text39       0B74
__ptext4                                 text4        1E12
__ptext40                                text40       15CA
__ptext41                                text41       1263
__ptext42                                text42       1365
__ptext43                                text43       1E42
__ptext44                                text44       1E33
__ptext45                                text45       1E74
__ptext46                                text46       00E5
__ptext47                                text47       1152
__ptext48                                text48       09A2
__ptext49                                text49       1F34
__ptext5                                 text5        0A8A
__ptext50                                text50       1F12
__ptext51                                text51       14C3
__ptext52                                text52       1567
__ptext53                                text53       11ED
__ptext54                                text54       1431
__ptext55                                text55       1E0A
__ptext6                                 text6        112A
__ptext7                                 text7        1E0E
__ptext8                                 text8        1184
__ptext9                                 text9        08BC
__size_of_Buzzer_Init                    (abs)        0000
__size_of_ChangeTrigger                  (abs)        0000
__size_of_CheckDay                       (abs)        0000
__size_of_CheckTime                      (abs)        0000
__size_of_DateDayScreen                  (abs)        0000
__size_of_Delay                          (abs)        0000
__size_of_DisplayDate                    (abs)        0000
__size_of_DisplayDay                     (abs)        0000
__size_of_DisplayTemp                    (abs)        0000
__size_of_DisplayTime                    (abs)        0000
__size_of_Get_Temp                       (abs)        0000
__size_of_HeatingControlOff              (abs)        0000
__size_of_Init_Keypad                    (abs)        0000
__size_of_Key_Delay                      (abs)        0000
__size_of_Keypad_Scan                    (abs)        0000
__size_of_LCD_Busy                       (abs)        0000
__size_of_LCD_Command                    (abs)        0000
__size_of_LCD_Init                       (abs)        0000
__size_of_LCD_SecondLine                 (abs)        0000
__size_of_LCD_SendData                   (abs)        0000
__size_of_LCD_SendString                 (abs)        0000
__size_of_MainScreen                     (abs)        0000
__size_of_Main_Delay                     (abs)        0000
__size_of_Read_Byte                      (abs)        0000
__size_of_RealTimeClock_get_day_of_month (abs)        0000
__size_of_RealTimeClock_get_day_of_week  (abs)        0000
__size_of_RealTimeClock_get_hours        (abs)        0000
__size_of_RealTimeClock_get_minutes      (abs)        0000
__size_of_RealTimeClock_get_month        (abs)        0000
__size_of_RealTimeClock_get_seconds      (abs)        0000
__size_of_RealTimeClock_get_year         (abs)        0000
__size_of_RealTimeClock_init             (abs)        0000
__size_of_RealTimeClock_read_byte        (abs)        0000
__size_of_RealTimeClock_set_day_of_week  (abs)        0000
__size_of_RealTimeClock_set_hours        (abs)        0000
__size_of_RealTimeClock_set_minutes      (abs)        0000
__size_of_RealTimeClock_set_seconds      (abs)        0000
__size_of_RealTimeClock_write_byte       (abs)        0000
__size_of_Reset                          (abs)        0000
__size_of_SetDate                        (abs)        0000
__size_of_SetTime                        (abs)        0000
__size_of_SoundAlarm                     (abs)        0000
__size_of_SoundOff                       (abs)        0000
__size_of_SoundOn                        (abs)        0000
__size_of_SwapToHeatingDisplay           (abs)        0000
__size_of_Switch24Hour                   (abs)        0000
__size_of_Thermometer_Init               (abs)        0000
__size_of_Write_Byte                     (abs)        0000
__size_of___awdiv                        (abs)        0000
__size_of___awmod                        (abs)        0000
__size_of___hex_to_int                   (abs)        0000
__size_of___int_to_hex                   (abs)        0000
__size_of___lwdiv                        (abs)        0000
__size_of___lwmod                        (abs)        0000
__size_of___wmul                         (abs)        0000
__size_of_main                           (abs)        0000
__stringbase                             strings      100F
__stringtab                              strings      1000
_dateDisplayer                           dataBANK1    00B3
_day_of_week                             bssBANK1     00EC
_hundredthbit                            bssBANK0     0063
_intent                                  bssBANK0     0065
_is24Hour                                bssBANK0     005E
_isWeekDay                               bssBANK1     00EA
_main                                    maintext     02AC
_numberTable                             dataBANK1    00A0
_previousTemp                            bssBANK1     00DB
_tempBuffer                              dataBANK1    00D5
_tenbit                                  bssBANK0     0066
_tenthbit                                bssBANK0     0064
_timeDisplayer                           dataBANK1    00CC
_timeHours                               bssBANK0     005C
_timeMins                                bssBANK0     005A
_timeSecs                                bssBANK0     0058
_triggerTemp                             dataBANK0    006C
_weekDayEnd                              dataBANK1    00C4
_weekDayStart                            dataBANK1    00C8
_weekEndEnd                              dataBANK1    00BC
_weekEndStart                            dataBANK1    00C0
btemp                                    (abs)        007E
clear_ram0                               clrtext      0803
end_of_initialization                    cinit        07FC
init_fetch0                              inittext     1E61
init_ram0                                inittext     1E65
intlevel0                                functab      0000
intlevel1                                functab      0000
intlevel2                                functab      0000
intlevel3                                functab      0000
intlevel4                                functab      0000
intlevel5                                functab      0000
main@Key                                 cstackBANK0  0054
main@temp                                cstackBANK0  004E
main@temp2                               cstackBANK0  0050
main@temp3                               cstackBANK0  0052
main@tempdec                             cstackBANK0  004A
main@tempdectenth                        cstackBANK0  004C
reset_vec                                reset_vec    0000
stackhi                                  (abs)        0000
stacklo                                  (abs)        0000
start                                    init         0000
start_initialization                     cinit        07B9
wtemp0                                   (abs)        007E


FUNCTION INFORMATION:

 *************** function _main *****************
 Defined at:
		line 760 in file "main.c"
 Parameters:    Size  Location     Type
		None
 Auto vars:     Size  Location     Type
  Key             2   52[BANK0 ] int 
  temp3           2   50[BANK0 ] int 
  temp2           2   48[BANK0 ] int 
  temp            2   46[BANK0 ] int 
  tempdectenth    2   44[BANK0 ] int 
  tempdec         2   42[BANK0 ] int 
 Return value:  Size  Location     Type
                  1    wreg      void 
 Registers used:
		wreg, fsr0l, fsr0h, status,2, status,0, btemp+1, pclath, cstack
 Tracked objects:
		On entry : 
		On exit  : 
		Unchanged: 
 Data sizes:     COMMON   BANK0   BANK1   BANK3   BANK2
      Params:         0       0       0       0       0
      Locals:         0      12       0       0       0
      Temps:          0       2       0       0       0
      Totals:         0      14       0       0       0
Total ram usage:       14 bytes
 Hardware stack levels required when called:    7
 This function calls:
		_Buzzer_Init
		_ChangeTrigger
		_CheckDay
		_CheckTime
		_DateDayScreen
		_HeatingControlOff
		_Init_Keypad
		_Keypad_Scan
		_LCD_Command
		_LCD_Init
		_MainScreen
		_Main_Delay
		_RealTimeClock_get_day_of_week
		_RealTimeClock_init
		_SetDate
		_SetTime
		_SoundAlarm
		_SoundOff
		_SwapToHeatingDisplay
		_Switch24Hour
		_Thermometer_Init
		___wmul
 This function is called by:
		Startup code after reset
 This function uses a non-reentrant model


 *************** function _Thermometer_Init *****************
 Defined at:
		line 37 in file "Thermometer.c"
 Parameters:    Size  Location     Type
		None
 Auto vars:     Size  Location     Type
		None
 Return value:  Size  Location     Type
                  1    wreg      void 
 Registers used:
		wreg, status,2
 Tracked objects:
		On entry : 
		On exit  : 
		Unchanged: 
 Data sizes:     COMMON   BANK0   BANK1   BANK3   BANK2
      Params:         0       0       0       0       0
      Locals:         0       0       0       0       0
      Temps:          0       0       0       0       0
      Totals:         0       0       0       0       0
Total ram usage:        0 bytes
 Hardware stack levels used:    1
 This function calls:
		Nothing
 This function is called by:
		_main
 This function uses a non-reentrant model


 *************** function _Switch24Hour *****************
 Defined at:
		line 402 in file "main.c"
 Parameters:    Size  Location     Type
  Key             2    7[COMMON] int 
 Auto vars:     Size  Location     Type
  c               1   10[COMMON] unsigned char 
 Return value:  Size  Location     Type
                  1    wreg      void 
 Registers used:
		wreg, status,2, status,0, pclath, cstack
 Tracked objects:
		On entry : 
		On exit  : 
		Unchanged: 
 Data sizes:     COMMON   BANK0   BANK1   BANK3   BANK2
      Params:         2       0       0       0       0
      Locals:         1       0       0       0       0
      Temps:          1       0       0       0       0
      Totals:         4       0       0       0       0
Total ram usage:        4 bytes
 Hardware stack levels used:    1
 Hardware stack levels required when called:    2
 This function calls:
		_LCD_Command
		_LCD_SendData
		___awmod
 This function is called by:
		_main
 This function uses a non-reentrant model


 *************** function _SoundAlarm *****************
 Defined at:
		line 355 in file "main.c"
 Parameters:    Size  Location     Type
  Key             2   28[BANK0 ] int 
  temp            2   30[BANK0 ] int 
  temp2           2   32[BANK0 ] int 
  temp3           2   34[BANK0 ] int 
 Auto vars:     Size  Location     Type
  Alarm           1   37[BANK0 ] PTR unsigned char 
		 -> STR_17(16), 
 Return value:  Size  Location     Type
                  1    wreg      void 
 Registers used:
		wreg, fsr0l, fsr0h, status,2, status,0, btemp+1, pclath, cstack
 Tracked objects:
		On entry : 
		On exit  : 
		Unchanged: 
 Data sizes:     COMMON   BANK0   BANK1   BANK3   BANK2
      Params:         0       8       0       0       0
      Locals:         0       1       0       0       0
      Temps:          0       1       0       0       0
      Totals:         0      10       0       0       0
Total ram usage:       10 bytes
 Hardware stack levels used:    1
 Hardware stack levels required when called:    6
 This function calls:
		_ChangeTrigger
		_Get_Temp
		_HeatingControlOff
		_Keypad_Scan
		_LCD_Command
		_LCD_SendString
		_SoundOff
		_SoundOn
		_SwapToHeatingDisplay
		___wmul
 This function is called by:
		_main
 This function uses a non-reentrant model


 *************** function _SoundOn *****************
 Defined at:
		line 12 in file "Buzzer.c"
 Parameters:    Size  Location     Type
		None
 Auto vars:     Size  Location     Type
		None
 Return value:  Size  Location     Type
                  1    wreg      void 
 Registers used:
		None
 Tracked objects:
		On entry : 
		On exit  : 
		Unchanged: 
 Data sizes:     COMMON   BANK0   BANK1   BANK3   BANK2
      Params:         0       0       0       0       0
      Locals:         0       0       0       0       0
      Temps:          0       0       0       0       0
      Totals:         0       0       0       0       0
Total ram usage:        0 bytes
 Hardware stack levels used:    1
 This function calls:
		Nothing
 This function is called by:
		_SoundAlarm
 This function uses a non-reentrant model


 *************** function _HeatingControlOff *****************
 Defined at:
		line 296 in file "main.c"
 Parameters:    Size  Location     Type
  Key             2   17[BANK0 ] int 
  temp            2   19[BANK0 ] int 
  temp2           2   21[BANK0 ] int 
  temp3           2   23[BANK0 ] int 
 Auto vars:     Size  Location     Type
  On              1   27[BANK0 ] PTR unsigned char 
		 -> STR_16(11), 
  Off             1   26[BANK0 ] PTR unsigned char 
		 -> STR_15(12), 
 Return value:  Size  Location     Type
                  1    wreg      void 
 Registers used:
		wreg, fsr0l, fsr0h, status,2, status,0, btemp+1, pclath, cstack
 Tracked objects:
		On entry : 
		On exit  : 
		Unchanged: 
 Data sizes:     COMMON   BANK0   BANK1   BANK3   BANK2
      Params:         0       8       0       0       0
      Locals:         0       2       0       0       0
      Temps:          0       1       0       0       0
      Totals:         0      11       0       0       0
Total ram usage:       11 bytes
 Hardware stack levels used:    1
 Hardware stack levels required when called:    5
 This function calls:
		_ChangeTrigger
		_Get_Temp
		_Keypad_Scan
		_LCD_Command
		_LCD_SendString
		_MainScreen
		_Main_Delay
		_SoundOff
		_SwapToHeatingDisplay
		___wmul
 This function is called by:
		_SoundAlarm
		_main
 This function uses a non-reentrant model


 *************** function ___wmul *****************
 Defined at:
		line 15 in file "C:\Program Files (x86)\Microchip\xc8\v2.00\pic\sources\c90\common\Umul16.c"
 Parameters:    Size  Location     Type
  multiplier      2    0[COMMON] unsigned int 
  multiplicand    2    2[COMMON] unsigned int 
 Auto vars:     Size  Location     Type
  product         2    4[COMMON] unsigned int 
 Return value:  Size  Location     Type
                  2    0[COMMON] unsigned int 
 Registers used:
		wreg, status,2, status,0
 Tracked objects:
		On entry : 
		On exit  : 
		Unchanged: 
 Data sizes:     COMMON   BANK0   BANK1   BANK3   BANK2
      Params:         4       0       0       0       0
      Locals:         2       0       0       0       0
      Temps:          0       0       0       0       0
      Totals:         6       0       0       0       0
Total ram usage:        6 bytes
 Hardware stack levels used:    1
 This function calls:
		Nothing
 This function is called by:
		_HeatingControlOff
		_SoundAlarm
		_main
 This function uses a non-reentrant model


 *************** function _SoundOff *****************
 Defined at:
		line 18 in file "Buzzer.c"
 Parameters:    Size  Location     Type
		None
 Auto vars:     Size  Location     Type
		None
 Return value:  Size  Location     Type
                  1    wreg      void 
 Registers used:
		None
 Tracked objects:
		On entry : 
		On exit  : 
		Unchanged: 
 Data sizes:     COMMON   BANK0   BANK1   BANK3   BANK2
      Params:         0       0       0       0       0
      Locals:         0       0       0       0       0
      Temps:          0       0       0       0       0
      Totals:         0       0       0       0       0
Total ram usage:        0 bytes
 Hardware stack levels used:    1
 This function calls:
		Nothing
 This function is called by:
		_HeatingControlOff
		_SoundAlarm
		_main
 This function uses a non-reentrant model


 *************** function _MainScreen *****************
 Defined at:
		line 157 in file "main.c"
 Parameters:    Size  Location     Type
		None
 Auto vars:     Size  Location     Type
  Temp            1   10[BANK0 ] PTR unsigned char 
		 -> STR_9(6), 
  Time            1    9[BANK0 ] PTR unsigned char 
		 -> STR_8(6), 
 Return value:  Size  Location     Type
                  1    wreg      void 
 Registers used:
		wreg, fsr0l, fsr0h, status,2, status,0, btemp+1, pclath, cstack
 Tracked objects:
		On entry : 
		On exit  : 
		Unchanged: 
 Data sizes:     COMMON   BANK0   BANK1   BANK3   BANK2
      Params:         0       0       0       0       0
      Locals:         0       2       0       0       0
      Temps:          0       1       0       0       0
      Totals:         0       3       0       0       0
Total ram usage:        3 bytes
 Hardware stack levels used:    1
 Hardware stack levels required when called:    4
 This function calls:
		_DisplayTemp
		_DisplayTime
		_LCD_SecondLine
		_LCD_SendString
 This function is called by:
		_HeatingControlOff
		_main
 This function uses a non-reentrant model


 *************** function _DisplayTime *****************
 Defined at:
		line 62 in file "main.c"
 Parameters:    Size  Location     Type
		None
 Auto vars:     Size  Location     Type
		None
 Return value:  Size  Location     Type
                  1    wreg      void 
 Registers used:
		wreg, fsr0l, fsr0h, status,2, status,0, btemp+1, pclath, cstack
 Tracked objects:
		On entry : 
		On exit  : 
		Unchanged: 
 Data sizes:     COMMON   BANK0   BANK1   BANK3   BANK2
      Params:         0       0       0       0       0
      Locals:         0       0       0       0       0
      Temps:          1       0       0       0       0
      Totals:         1       0       0       0       0
Total ram usage:        1 bytes
 Hardware stack levels used:    1
 Hardware stack levels required when called:    3
 This function calls:
		_LCD_SendString
		_RealTimeClock_get_hours
		_RealTimeClock_get_minutes
		_RealTimeClock_get_seconds
		___awdiv
		___awmod
 This function is called by:
		_MainScreen
 This function uses a non-reentrant model


 *************** function _DisplayTemp *****************
 Defined at:
		line 143 in file "main.c"
 Parameters:    Size  Location     Type
  tempBuffer      1    wreg     PTR unsigned char 
		 -> tempBuffer(6), 
 Auto vars:     Size  Location     Type
  tempBuffer      1    7[BANK0 ] PTR unsigned char 
		 -> tempBuffer(6), 
 Return value:  Size  Location     Type
                  1    wreg      void 
 Registers used:
		wreg, fsr0l, fsr0h, status,2, status,0, btemp+1, pclath, cstack
 Tracked objects:
		On entry : 
		On exit  : 
		Unchanged: 
 Data sizes:     COMMON   BANK0   BANK1   BANK3   BANK2
      Params:         0       0       0       0       0
      Locals:         0       1       0       0       0
      Temps:          0       0       0       0       0
      Totals:         0       1       0       0       0
Total ram usage:        1 bytes
 Hardware stack levels used:    1
 Hardware stack levels required when called:    3
 This function calls:
		_Get_Temp
		_LCD_Busy
		_LCD_SendData
		_LCD_SendString
 This function is called by:
		_MainScreen
 This function uses a non-reentrant model


 *************** function _Get_Temp *****************
 Defined at:
		line 129 in file "Thermometer.c"
 Parameters:    Size  Location     Type
  buffer          1    wreg     PTR unsigned char 
		 -> tempBuffer(6), 
 Auto vars:     Size  Location     Type
  buffer          1    4[BANK0 ] PTR unsigned char 
		 -> tempBuffer(6), 
  i               2    5[BANK0 ] int 
 Return value:  Size  Location     Type
                  1    wreg      void 
 Registers used:
		wreg, fsr0l, fsr0h, status,2, status,0, btemp+1, pclath, cstack
 Tracked objects:
		On entry : 
		On exit  : 
		Unchanged: 
 Data sizes:     COMMON   BANK0   BANK1   BANK3   BANK2
      Params:         0       0       0       0       0
      Locals:         0       3       0       0       0
      Temps:          0       4       0       0       0
      Totals:         0       7       0       0       0
Total ram usage:        7 bytes
 Hardware stack levels used:    1
 Hardware stack levels required when called:    2
 This function calls:
		_Delay
		_Read_Byte
		_Reset
		_Write_Byte
		___awdiv
		___awmod
		___lwdiv
		___lwmod
 This function is called by:
		_DisplayTemp
		_HeatingControlOff
		_SoundAlarm
 This function uses a non-reentrant model


 *************** function ___lwmod *****************
 Defined at:
		line 5 in file "C:\Program Files (x86)\Microchip\xc8\v2.00\pic\sources\c90\common\lwmod.c"
 Parameters:    Size  Location     Type
  divisor         2    0[COMMON] unsigned int 
  dividend        2    2[COMMON] unsigned int 
 Auto vars:     Size  Location     Type
  counter         1    5[COMMON] unsigned char 
 Return value:  Size  Location     Type
                  2    0[COMMON] unsigned int 
 Registers used:
		wreg, status,2, status,0
 Tracked objects:
		On entry : 
		On exit  : 
		Unchanged: 
 Data sizes:     COMMON   BANK0   BANK1   BANK3   BANK2
      Params:         4       0       0       0       0
      Locals:         1       0       0       0       0
      Temps:          1       0       0       0       0
      Totals:         6       0       0       0       0
Total ram usage:        6 bytes
 Hardware stack levels used:    1
 This function calls:
		Nothing
 This function is called by:
		_Get_Temp
 This function uses a non-reentrant model


 *************** function ___lwdiv *****************
 Defined at:
		line 5 in file "C:\Program Files (x86)\Microchip\xc8\v2.00\pic\sources\c90\common\lwdiv.c"
 Parameters:    Size  Location     Type
  divisor         2    6[COMMON] unsigned int 
  dividend        2    8[COMMON] unsigned int 
 Auto vars:     Size  Location     Type
  quotient        2   11[COMMON] unsigned int 
  counter         1   13[COMMON] unsigned char 
 Return value:  Size  Location     Type
                  2    6[COMMON] unsigned int 
 Registers used:
		wreg, status,2, status,0
 Tracked objects:
		On entry : 
		On exit  : 
		Unchanged: 
 Data sizes:     COMMON   BANK0   BANK1   BANK3   BANK2
      Params:         4       0       0       0       0
      Locals:         3       0       0       0       0
      Temps:          1       0       0       0       0
      Totals:         8       0       0       0       0
Total ram usage:        8 bytes
 Hardware stack levels used:    1
 This function calls:
		Nothing
 This function is called by:
		_Get_Temp
 This function uses a non-reentrant model


 *************** function _Write_Byte *****************
 Defined at:
		line 67 in file "Thermometer.c"
 Parameters:    Size  Location     Type
  val             1    wreg     unsigned char 
 Auto vars:     Size  Location     Type
  val             1    7[COMMON] unsigned char 
  i               1    8[COMMON] unsigned char 
  temp            1    6[COMMON] unsigned char 
 Return value:  Size  Location     Type
                  1    wreg      void 
 Registers used:
		wreg, status,2, status,0, pclath, cstack
 Tracked objects:
		On entry : 
		On exit  : 
		Unchanged: 
 Data sizes:     COMMON   BANK0   BANK1   BANK3   BANK2
      Params:         0       0       0       0       0
      Locals:         3       0       0       0       0
      Temps:          2       0       0       0       0
      Totals:         5       0       0       0       0
Total ram usage:        5 bytes
 Hardware stack levels used:    1
 Hardware stack levels required when called:    1
 This function calls:
		_Delay
 This function is called by:
		_Get_Temp
 This function uses a non-reentrant model


 *************** function _Reset *****************
 Defined at:
		line 45 in file "Thermometer.c"
 Parameters:    Size  Location     Type
		None
 Auto vars:     Size  Location     Type
  i               2    5[COMMON] int 
 Return value:  Size  Location     Type
                  1    wreg      void 
 Registers used:
		wreg, status,2, status,0, btemp+1, pclath, cstack
 Tracked objects:
		On entry : 
		On exit  : 
		Unchanged: 
 Data sizes:     COMMON   BANK0   BANK1   BANK3   BANK2
      Params:         0       0       0       0       0
      Locals:         2       0       0       0       0
      Temps:          1       0       0       0       0
      Totals:         3       0       0       0       0
Total ram usage:        3 bytes
 Hardware stack levels used:    1
 Hardware stack levels required when called:    1
 This function calls:
		_Delay
 This function is called by:
		_Get_Temp
 This function uses a non-reentrant model


 *************** function _Read_Byte *****************
 Defined at:
		line 95 in file "Thermometer.c"
 Parameters:    Size  Location     Type
		None
 Auto vars:     Size  Location     Type
  i               1    6[COMMON] unsigned char 
  value           1    5[COMMON] unsigned char 
 Return value:  Size  Location     Type
                  1    wreg      unsigned char 
 Registers used:
		wreg, status,2, status,0, pclath, cstack
 Tracked objects:
		On entry : 
		On exit  : 
		Unchanged: 
 Data sizes:     COMMON   BANK0   BANK1   BANK3   BANK2
      Params:         0       0       0       0       0
      Locals:         2       0       0       0       0
      Temps:          1       0       0       0       0
      Totals:         3       0       0       0       0
Total ram usage:        3 bytes
 Hardware stack levels used:    1
 Hardware stack levels required when called:    1
 This function calls:
		_Delay
 This function is called by:
		_Get_Temp
 This function uses a non-reentrant model


 *************** function _Delay *****************
 Defined at:
		line 28 in file "Thermometer.c"
 Parameters:    Size  Location     Type
  x               1    wreg     unsigned char 
  y               1    0[COMMON] unsigned char 
 Auto vars:     Size  Location     Type
  x               1    2[COMMON] unsigned char 
  z               1    3[COMMON] unsigned char 
 Return value:  Size  Location     Type
                  1    wreg      void 
 Registers used:
		wreg, status,2, status,0
 Tracked objects:
		On entry : 
		On exit  : 
		Unchanged: 
 Data sizes:     COMMON   BANK0   BANK1   BANK3   BANK2
      Params:         1       0       0       0       0
      Locals:         2       0       0       0       0
      Temps:          1       0       0       0       0
      Totals:         4       0       0       0       0
Total ram usage:        4 bytes
 Hardware stack levels used:    1
 This function calls:
		Nothing
 This function is called by:
		_Reset
		_Write_Byte
		_Read_Byte
		_Get_Temp
 This function uses a non-reentrant model


 *************** function _SetTime *****************
 Defined at:
		line 450 in file "main.c"
 Parameters:    Size  Location     Type
  Key             2    7[BANK0 ] int 
 Auto vars:     Size  Location     Type
  digits          9   15[BANK0 ] unsigned char [9]
  setTime         6   32[BANK0 ] int [3]
  i               2   38[BANK0 ] int 
  sec             2   30[BANK0 ] int 
  min             2   28[BANK0 ] int 
  hour            2   26[BANK0 ] int 
  TimeSet         1   25[BANK0 ] PTR unsigned char 
		 -> STR_21(9), 
  Time            1   24[BANK0 ] PTR unsigned char 
		 -> STR_20(6), 
 Return value:  Size  Location     Type
                  1    wreg      void 
 Registers used:
		wreg, fsr0l, fsr0h, status,2, status,0, btemp+1, pclath, cstack
 Tracked objects:
		On entry : 
		On exit  : 
		Unchanged: 
 Data sizes:     COMMON   BANK0   BANK1   BANK3   BANK2
      Params:         0       2       0       0       0
      Locals:         0      25       0       0       0
      Temps:          0       6       0       0       0
      Totals:         0      33       0       0       0
Total ram usage:       33 bytes
 Hardware stack levels used:    1
 Hardware stack levels required when called:    3
 This function calls:
		_Keypad_Scan
		_LCD_Command
		_LCD_SendString
		_Main_Delay
		_RealTimeClock_get_hours
		_RealTimeClock_get_minutes
		_RealTimeClock_get_seconds
		_RealTimeClock_set_hours
		_RealTimeClock_set_minutes
		_RealTimeClock_set_seconds
		___awdiv
		___awmod
 This function is called by:
		_main
 This function uses a non-reentrant model


 *************** function _RealTimeClock_set_seconds *****************
 Defined at:
		line 144 in file "realtimeclock.c"
 Parameters:    Size  Location     Type
  seconds         2    0[BANK0 ] int 
 Auto vars:     Size  Location     Type
		None
 Return value:  Size  Location     Type
                  1    wreg      void 
 Registers used:
		wreg, status,2, status,0, btemp+1, pclath, cstack
 Tracked objects:
		On entry : 
		On exit  : 
		Unchanged: 
 Data sizes:     COMMON   BANK0   BANK1   BANK3   BANK2
      Params:         0       2       0       0       0
      Locals:         0       0       0       0       0
      Temps:          0       0       0       0       0
      Totals:         0       2       0       0       0
Total ram usage:        2 bytes
 Hardware stack levels used:    1
 Hardware stack levels required when called:    2
 This function calls:
		_RealTimeClock_write_byte
		___int_to_hex
 This function is called by:
		_SetTime
 This function uses a non-reentrant model


 *************** function _RealTimeClock_set_minutes *****************
 Defined at:
		line 151 in file "realtimeclock.c"
 Parameters:    Size  Location     Type
  minutes         2    0[BANK0 ] int 
 Auto vars:     Size  Location     Type
		None
 Return value:  Size  Location     Type
                  1    wreg      void 
 Registers used:
		wreg, status,2, status,0, btemp+1, pclath, cstack
 Tracked objects:
		On entry : 
		On exit  : 
		Unchanged: 
 Data sizes:     COMMON   BANK0   BANK1   BANK3   BANK2
      Params:         0       2       0       0       0
      Locals:         0       0       0       0       0
      Temps:          0       0       0       0       0
      Totals:         0       2       0       0       0
Total ram usage:        2 bytes
 Hardware stack levels used:    1
 Hardware stack levels required when called:    2
 This function calls:
		_RealTimeClock_write_byte
[...]
 This function calls:
		Nothing
 This function is called by:
		_ChangeTrigger
		_HeatingControlOff
		_SetTime
		_SetDate
		_main
 This function uses a non-reentrant model


 *************** function _LCD_SendString *****************
 Defined at:
		line 69 in file "LCD.c"
 Parameters:    Size  Location     Type
  string          2    1[COMMON] PTR const unsigned char 
		 -> STR_31(4), STR_30(4), STR_29(4), STR_28(4), 
		 -> STR_27(4), STR_26(4), STR_25(4), STR_24(13), 
		 -> STR_23(6), STR_22(5), SetTime@digits(9), STR_21(9), 
		 -> STR_20(6), STR_19(6), STR_18(7), STR_17(16), 
		 -> STR_16(11), STR_15(12), STR_14(4), STR_13(3), 
		 -> STR_12(9), ChangeTrigger@digits(3), STR_11(12), STR_10(9), 
		 -> tempBuffer(6), STR_9(6), STR_8(6), STR_7(7), 
		 -> STR_6(9), STR_5(7), STR_4(9), STR_3(10), 
		 -> STR_2(8), STR_1(7), timeDisplayer(9), 
 Auto vars:     Size  Location     Type
  i               2    6[COMMON] int 
 Return value:  Size  Location     Type
                  1    wreg      void 
 Registers used:
		wreg, fsr0l, fsr0h, status,2, status,0, btemp+1, pclath, cstack
 Tracked objects:
		On entry : 
		On exit  : 
		Unchanged: 
 Data sizes:     COMMON   BANK0   BANK1   BANK3   BANK2
      Params:         2       0       0       0       0
      Locals:         2       0       0       0       0
      Temps:          3       0       0       0       0
      Totals:         7       0       0       0       0
Total ram usage:        7 bytes
 Hardware stack levels used:    1
 Hardware stack levels required when called:    2
 This function calls:
		_LCD_SendData
 This function is called by:
		_DisplayTime
		_DisplayDay
		_DisplayTemp
		_MainScreen
		_ChangeTrigger
		_SwapToHeatingDisplay
		_HeatingControlOff
		_SoundAlarm
		_DateDayScreen
		_SetTime
		_SetDate
 This function uses a non-reentrant model


 *************** function _LCD_SendData *****************
 Defined at:
		line 55 in file "LCD.c"
 Parameters:    Size  Location     Type
  c               1    wreg     unsigned char 
 Auto vars:     Size  Location     Type
  c               1    0[COMMON] unsigned char 
 Return value:  Size  Location     Type
                  1    wreg      void 
 Registers used:
		wreg, status,2, status,0, pclath, cstack
 Tracked objects:
		On entry : 
		On exit  : 
		Unchanged: 
 Data sizes:     COMMON   BANK0   BANK1   BANK3   BANK2
      Params:         0       0       0       0       0
      Locals:         1       0       0       0       0
      Temps:          0       0       0       0       0
      Totals:         1       0       0       0       0
Total ram usage:        1 bytes
 Hardware stack levels used:    1
 Hardware stack levels required when called:    1
 This function calls:
		_LCD_Busy
 This function is called by:
		_DisplayTemp
		_ChangeTrigger
		_Switch24Hour
		_LCD_SendString
 This function uses a non-reentrant model


 *************** function _LCD_Command *****************
 Defined at:
		line 34 in file "LCD.c"
 Parameters:    Size  Location     Type
  c               1    wreg     unsigned char 
 Auto vars:     Size  Location     Type
  c               1    0[COMMON] unsigned char 
 Return value:  Size  Location     Type
                  1    wreg      void 
 Registers used:
		wreg, status,2, status,0, pclath, cstack
 Tracked objects:
		On entry : 
		On exit  : 
		Unchanged: 
 Data sizes:     COMMON   BANK0   BANK1   BANK3   BANK2
      Params:         0       0       0       0       0
      Locals:         1       0       0       0       0
      Temps:          0       0       0       0       0
      Totals:         1       0       0       0       0
Total ram usage:        1 bytes
 Hardware stack levels used:    1
 Hardware stack levels required when called:    1
 This function calls:
		_LCD_Busy
 This function is called by:
		_ChangeTrigger
		_SwapToHeatingDisplay
		_HeatingControlOff
		_SoundAlarm
		_Switch24Hour
		_DateDayScreen
		_SetTime
		_SetDate
		_main
		_LCD_SecondLine
 This function uses a non-reentrant model


 *************** function _LCD_Busy *****************
 Defined at:
		line 6 in file "LCD.c"
 Parameters:    Size  Location     Type
		None
 Auto vars:     Size  Location     Type
		None
 Return value:  Size  Location     Type
                  1    wreg      void 
 Registers used:
		wreg, status,2
 Tracked objects:
		On entry : 
		On exit  : 
		Unchanged: 
 Data sizes:     COMMON   BANK0   BANK1   BANK3   BANK2
      Params:         0       0       0       0       0
      Locals:         0       0       0       0       0
      Temps:          0       0       0       0       0
      Totals:         0       0       0       0       0
Total ram usage:        0 bytes
 Hardware stack levels used:    1
 This function calls:
		Nothing
 This function is called by:
		_DisplayTemp
		_ChangeTrigger
		_LCD_Command
		_LCD_SendData
 This function uses a non-reentrant model


 *************** function _Keypad_Scan *****************
 Defined at:
		line 17 in file "KeyMatrix.c"
 Parameters:    Size  Location     Type
		None
 Auto vars:     Size  Location     Type
		None
 Return value:  Size  Location     Type
                  2    6[COMMON] int 
 Registers used:
		wreg, status,2, status,0, pclath, cstack
 Tracked objects:
		On entry : 
		On exit  : 
		Unchanged: 
 Data sizes:     COMMON   BANK0   BANK1   BANK3   BANK2
      Params:         2       0       0       0       0
      Locals:         0       0       0       0       0
      Temps:          0       0       0       0       0
      Totals:         2       0       0       0       0
Total ram usage:        2 bytes
 Hardware stack levels used:    1
 Hardware stack levels required when called:    1
 This function calls:
		_Key_Delay
 This function is called by:
		_ChangeTrigger
		_SwapToHeatingDisplay
		_HeatingControlOff
		_SoundAlarm
		_DateDayScreen
		_SetTime
		_SetDate
		_main
 This function uses a non-reentrant model


 *************** function _Key_Delay *****************
 Defined at:
		line 5 in file "KeyMatrix.c"
 Parameters:    Size  Location     Type
  k               2    0[COMMON] int 
 Auto vars:     Size  Location     Type
  j               2    4[COMMON] unsigned int 
  i               2    2[COMMON] unsigned int 
 Return value:  Size  Location     Type
                  1    wreg      void 
 Registers used:
		wreg, status,2
 Tracked objects:
		On entry : 
		On exit  : 
		Unchanged: 
 Data sizes:     COMMON   BANK0   BANK1   BANK3   BANK2
      Params:         2       0       0       0       0
      Locals:         4       0       0       0       0
      Temps:          0       0       0       0       0
      Totals:         6       0       0       0       0
Total ram usage:        6 bytes
 Hardware stack levels used:    1
 This function calls:
		Nothing
 This function is called by:
		_Keypad_Scan
 This function uses a non-reentrant model


 *************** function _CheckTime *****************
 Defined at:
		line 710 in file "main.c"
 Parameters:    Size  Location     Type
		None
 Auto vars:     Size  Location     Type
		None
 Return value:  Size  Location     Type
                  1    wreg      void 
 Registers used:
		wreg, status,2, status,0, btemp+1, pclath, cstack
 Tracked objects:
		On entry : 
		On exit  : 
		Unchanged: 
 Data sizes:     COMMON   BANK0   BANK1   BANK3   BANK2
      Params:         0       0       0       0       0
      Locals:         0       0       0       0       0
      Temps:          1       0       0       0       0
      Totals:         1       0       0       0       0
Total ram usage:        1 bytes
 Hardware stack levels used:    1
 Hardware stack levels required when called:    3
 This function calls:
		_RealTimeClock_get_hours
		_RealTimeClock_get_minutes
 This function is called by:
		_main
 This function uses a non-reentrant model


 *************** function _RealTimeClock_get_minutes *****************
 Defined at:
		line 96 in file "realtimeclock.c"
 Parameters:    Size  Location     Type
		None
 Auto vars:     Size  Location     Type
  c               1   11[COMMON] unsigned char 
 Return value:  Size  Location     Type
                  2    5[BANK0 ] int 
 Registers used:
		wreg, status,2, status,0, btemp+1, pclath, cstack
 Tracked objects:
		On entry : 
		On exit  : 
		Unchanged: 
 Data sizes:     COMMON   BANK0   BANK1   BANK3   BANK2
      Params:         0       2       0       0       0
      Locals:         1       0       0       0       0
      Temps:          1       0       0       0       0
      Totals:         2       2       0       0       0
Total ram usage:        4 bytes
 Hardware stack levels used:    1
 Hardware stack levels required when called:    2
 This function calls:
		_RealTimeClock_read_byte
		_RealTimeClock_write_byte
		___hex_to_int
 This function is called by:
		_DisplayTime
		_SetTime
		_CheckTime
 This function uses a non-reentrant model


 *************** function _RealTimeClock_get_hours *****************
 Defined at:
		line 104 in file "realtimeclock.c"
 Parameters:    Size  Location     Type
		None
 Auto vars:     Size  Location     Type
  c               1   11[COMMON] unsigned char 
 Return value:  Size  Location     Type
                  2    5[BANK0 ] int 
 Registers used:
		wreg, status,2, status,0, btemp+1, pclath, cstack
 Tracked objects:
		On entry : 
		On exit  : 
		Unchanged: 
 Data sizes:     COMMON   BANK0   BANK1   BANK3   BANK2
      Params:         0       2       0       0       0
      Locals:         1       0       0       0       0
      Temps:          1       0       0       0       0
      Totals:         2       2       0       0       0
Total ram usage:        4 bytes
 Hardware stack levels used:    1
 Hardware stack levels required when called:    2
 This function calls:
		_RealTimeClock_read_byte
		_RealTimeClock_write_byte
		___hex_to_int
 This function is called by:
		_DisplayTime
		_SetTime
		_CheckTime
 This function uses a non-reentrant model


 *************** function ___hex_to_int *****************
 Defined at:
		line 5 in file "realtimeclock.c"
 Parameters:    Size  Location     Type
  hex             1    wreg     unsigned char 
 Auto vars:     Size  Location     Type
  hex             1    0[BANK0 ] unsigned char 
  i               2    1[BANK0 ] int 
  t               2    3[BANK0 ] int 
 Return value:  Size  Location     Type
                  2    7[COMMON] int 
 Registers used:
		wreg, status,2, status,0, pclath, cstack
 Tracked objects:
		On entry : 
		On exit  : 
		Unchanged: 
 Data sizes:     COMMON   BANK0   BANK1   BANK3   BANK2
      Params:         2       0       0       0       0
      Locals:         0       5       0       0       0
      Temps:          1       0       0       0       0
      Totals:         3       5       0       0       0
Total ram usage:        8 bytes
 Hardware stack levels used:    1
 Hardware stack levels required when called:    1
 This function calls:
		___awmod
 This function is called by:
		_RealTimeClock_get_seconds
		_RealTimeClock_get_minutes
		_RealTimeClock_get_hours
		_RealTimeClock_get_day_of_month
		_RealTimeClock_get_month
		_RealTimeClock_get_day_of_week
		_RealTimeClock_get_year
		_RealTimeClock_get_burst_time
 This function uses a non-reentrant model


 *************** function ___awmod *****************
 Defined at:
		line 5 in file "C:\Program Files (x86)\Microchip\xc8\v2.00\pic\sources\c90\common\awmod.c"
 Parameters:    Size  Location     Type
  divisor         2    0[COMMON] int 
  dividend        2    2[COMMON] int 
 Auto vars:     Size  Location     Type
  sign            1    6[COMMON] unsigned char 
  counter         1    5[COMMON] unsigned char 
 Return value:  Size  Location     Type
                  2    0[COMMON] int 
 Registers used:
		wreg, status,2, status,0
 Tracked objects:
		On entry : 
		On exit  : 
		Unchanged: 
 Data sizes:     COMMON   BANK0   BANK1   BANK3   BANK2
      Params:         4       0       0       0       0
      Locals:         2       0       0       0       0
      Temps:          1       0       0       0       0
      Totals:         7       0       0       0       0
Total ram usage:        7 bytes
 Hardware stack levels used:    1
 This function calls:
		Nothing
 This function is called by:
		_DisplayTime
		_DisplayDate
		_ChangeTrigger
		_Switch24Hour
		_SetTime
		___hex_to_int
		___int_to_hex
		_Get_Temp
 This function uses a non-reentrant model


 *************** function _RealTimeClock_write_byte *****************
 Defined at:
		line 26 in file "realtimeclock.c"
 Parameters:    Size  Location     Type
  time_tx         1    wreg     unsigned char 
 Auto vars:     Size  Location     Type
  time_tx         1    4[COMMON] unsigned char 
  i               2    2[COMMON] int 
 Return value:  Size  Location     Type
                  1    wreg      void 
 Registers used:
		wreg, status,2, status,0, btemp+1
 Tracked objects:
		On entry : 
		On exit  : 
		Unchanged: 
 Data sizes:     COMMON   BANK0   BANK1   BANK3   BANK2
      Params:         0       0       0       0       0
      Locals:         3       0       0       0       0
      Temps:          2       0       0       0       0
      Totals:         5       0       0       0       0
Total ram usage:        5 bytes
 Hardware stack levels used:    1
 This function calls:
		Nothing
 This function is called by:
		_RealTimeClock_init
		_RealTimeClock_get_seconds
		_RealTimeClock_get_minutes
		_RealTimeClock_get_hours
		_RealTimeClock_get_day_of_month
		_RealTimeClock_get_month
		_RealTimeClock_get_day_of_week
		_RealTimeClock_get_year
		_RealTimeClock_set_seconds
		_RealTimeClock_set_minutes
		_RealTimeClock_set_hours
		_RealTimeClock_set_day_of_week
		_RealTimeClock_set_burst_time
		_RealTimeClock_get_burst_time
		_RealTimeClock_set_day_of_month
		_RealTimeClock_set_month
		_RealTimeClock_set_year
 This function uses a non-reentrant model


 *************** function _RealTimeClock_read_byte *****************
 Defined at:
		line 39 in file "realtimeclock.c"
 Parameters:    Size  Location     Type
		None
 Auto vars:     Size  Location     Type
  i               2    3[COMMON] int 
  time_rx         1    2[COMMON] unsigned char 
 Return value:  Size  Location     Type
                  1    wreg      unsigned char 
 Registers used:
		wreg, status,2, status,0, btemp+1
 Tracked objects:
		On entry : 
		On exit  : 
		Unchanged: 
 Data sizes:     COMMON   BANK0   BANK1   BANK3   BANK2
      Params:         0       0       0       0       0
      Locals:         3       0       0       0       0
      Temps:          2       0       0       0       0
      Totals:         5       0       0       0       0
Total ram usage:        5 bytes
 Hardware stack levels used:    1
 This function calls:
		Nothing
 This function is called by:
		_RealTimeClock_get_seconds
		_RealTimeClock_get_minutes
		_RealTimeClock_get_hours
		_RealTimeClock_get_day_of_month
		_RealTimeClock_get_month
		_RealTimeClock_get_day_of_week
		_RealTimeClock_get_year
		_RealTimeClock_get_burst_time
 This function uses a non-reentrant model


 *************** function _Buzzer_Init *****************
 Defined at:
		line 6 in file "Buzzer.c"
 Parameters:    Size  Location     Type
		None
 Auto vars:     Size  Location     Type
		None
 Return value:  Size  Location     Type
                  1    wreg      void 
 Registers used:
		None
 Tracked objects:
		On entry : 
		On exit  : 
		Unchanged: 
 Data sizes:     COMMON   BANK0   BANK1   BANK3   BANK2
      Params:         0       0       0       0       0
      Locals:         0       0       0       0       0
      Temps:          0       0       0       0       0
      Totals:         0       0       0       0       0
Total ram usage:        0 bytes
 Hardware stack levels used:    1
 This function calls:
		Nothing
 This function is called by:
		_main
 This function uses a non-reentrant model



MODULE INFORMATION

Module		Function		Class		Link	Load	Size
C:\Program Files (x86)\Microchip\xc8\v2.00\pic\sources\c90\common\lwmod.c
		___lwmod       		CODE           	12E2	0000	66

C:\Program Files (x86)\Microchip\xc8\v2.00\pic\sources\c90\common\lwmod.c estimated size: 66

C:\Program Files (x86)\Microchip\xc8\v2.00\pic\sources\c90\common\awmod.c
		___awmod       		CODE           	1567	0000	100

C:\Program Files (x86)\Microchip\xc8\v2.00\pic\sources\c90\common\awmod.c estimated size: 100

C:\Program Files (x86)\Microchip\xc8\v2.00\pic\sources\c90\common\Umul16.c
		___wmul        		CODE           	112A	0000	41

C:\Program Files (x86)\Microchip\xc8\v2.00\pic\sources\c90\common\Umul16.c estimated size: 41

C:\Program Files (x86)\Microchip\xc8\v2.00\pic\sources\c90\common\lwdiv.c
		___lwdiv       		CODE           	1478	0000	76

C:\Program Files (x86)\Microchip\xc8\v2.00\pic\sources\c90\common\lwdiv.c estimated size: 76

Buzzer.c
		_Buzzer_Init   		CODE           	1E0A	0000	5
		_SoundOff      		CODE           	1E0E	0000	5
		_SoundOn       		CODE           	1E12	0000	5

Buzzer.c estimated size: 15

C:\Program Files (x86)\Microchip\xc8\v2.00\pic\sources\c90\common\awdiv.c
		___awdiv       		CODE           	15CA	0000	114

C:\Program Files (x86)\Microchip\xc8\v2.00\pic\sources\c90\common\awdiv.c estimated size: 114

shared
		__stringtab    		STRING         	1000	0000	17
		__initialization		CODE           	07B9	0000	68

shared estimated size: 85

Thermometer.c
		_Read_Byte     		CODE           	13A9	0000	69
		_Get_Temp      		CODE           	0E70	0000	401
		_Write_Byte    		CODE           	13ED	0000	69
		_Thermometer_Init		CODE           	1E24	0000	8
		_Reset         		CODE           	1512	0000	86
		_Delay         		CODE           	1E89	0000	22

Thermometer.c estimated size: 655

main.c
		_DateDayScreen 		CODE           	16AE	0000	128
		_SetDate       		CODE           	0CE1	0000	400
		_ChangeTrigger 		CODE           	0B74	0000	366
		_HeatingControlOff		CODE           	0A8A	0000	235
		_Main_Delay    		CODE           	1263	0000	63
		_Switch24Hour  		CODE           	11B7	0000	55
		_main          		CODE           	02AC	0000	557
		_SetTime       		CODE           	04D8	0000	738
		_CheckDay      		CODE           	12A1	0000	66
		_CheckTime     		CODE           	09A2	0000	233
		_SoundAlarm    		CODE           	172D	0000	212
		_SwapToHeatingDisplay		CODE           	163B	0000	116
		_MainScreen    		CODE           	1184	0000	52
		_DisplayDay    		CODE           	080B	0000	178
		_DisplayDate   		CODE           	0008	0000	222
		_DisplayTime   		CODE           	08BC	0000	231
		_DisplayTemp   		CODE           	1104	0000	39

main.c estimated size: 3891

KeyMatrix.c
		_Key_Delay     		CODE           	1152	0000	51
		_Keypad_Scan   		CODE           	00E5	0000	456
		_Init_Keypad   		CODE           	1E2B	0000	9

KeyMatrix.c estimated size: 516

realtimeclock.c
		_RealTimeClock_set_hours		CODE           	1EBB	0000	30
		_RealTimeClock_get_seconds		CODE           	1FDE	0000	35
		_RealTimeClock_set_seconds		CODE           	1EF5	0000	30
		_RealTimeClock_get_month		CODE           	1F78	0000	35
		_RealTimeClock_get_day_of_week		CODE           	1FBC	0000	35
		_RealTimeClock_read_byte		CODE           	1431	0000	72
		_RealTimeClock_set_day_of_week		CODE           	1E9E	0000	30
		_RealTimeClock_get_minutes		CODE           	1F34	0000	35
		_RealTimeClock_set_minutes		CODE           	1ED8	0000	30
		_RealTimeClock_get_day_of_month		CODE           	1F56	0000	35
		_RealTimeClock_get_year		CODE           	1F9A	0000	35
		___hex_to_int  		CODE           	14C3	0000	80
		___int_to_hex  		CODE           	1323	0000	67
		_RealTimeClock_write_byte		CODE           	11ED	0000	60
		_RealTimeClock_init		CODE           	10E6	0000	31
		_RealTimeClock_get_hours		CODE           	1F12	0000	35

realtimeclock.c estimated size: 675

LCD.c
		_LCD_Init      		CODE           	1E1D	0000	8
		_LCD_Busy      		CODE           	1E74	0000	22
		_LCD_Command   		CODE           	1E33	0000	16
		_LCD_SendData  		CODE           	1E42	0000	16
		_LCD_SendString		CODE           	1365	0000	69
		_LCD_SecondLine		CODE           	1E16	0000	8

LCD.c estimated size: 139

