Microchip MPLAB XC8 Compiler V2.00 ()

Linker command line:

-W-3 --edf=C:\Program Files (x86)\Microchip\xc8\v2.00\pic\dat\en_msgs.txt \
  -cs -h+dist/default/production\EmbededSystemsACW.production.sym \
  --cmf=dist/default/production\EmbededSystemsACW.production.cmf -z \
  -Q16F877A -oC:\Users\515817\AppData\Local\Temp\s31k.2 \
  -Mdist/default/production/EmbededSystemsACW.production.map -E1 -ver=XC8 \
  --acfsm=1493 -ASTACK=0110h-016fh -pstack=STACK -ACODE=00h-07FFhx4 \
  -ASTRCODE=00h-01FFFh -ASTRING=00h-0FFhx32 -ACONST=00h-0FFhx32 \
  -AENTRY=00h-0FFhx32 -ACOMMON=070h-07Fh -ABANK0=020h-06Fh \
  -ABANK1=0A0h-0EFh -ABANK2=0110h-016Fh -ABANK3=0190h-01EFh \
  -ARAM=020h-06Fh,0A0h-0EFh,0110h-016Fh,0190h-01EFh \
  -AABS1=020h-07Fh,0A0h-0EFh,0110h-016Fh,0190h-01EFh -ASFR0=00h-01Fh \
  -ASFR1=080h-09Fh -ASFR2=0100h-010Fh -ASFR3=0180h-018Fh \
  -preset_vec=00h,intentry,init,end_init -ppowerup=CODE -pcinit=CODE \
  -pfunctab=ENTRY -ACONFIG=02007h-02007h -pconfig=CONFIG -DCONFIG=2 \
  -AIDLOC=02000h-02003h -pidloc=IDLOC -DIDLOC=2 -AEEDATA=00h-0FFh/02100h \
  -peeprom_data=EEDATA -DEEDATA=2 -DCODE=2 -DSTRCODE=2 -DSTRING=2 -DCONST=2 \
  -DENTRY=2 -k C:\Users\515817\AppData\Local\Temp\s31k.o \
  dist/default/production\EmbededSystemsACW.production.o 

Object code version is 3.11

Machine type is 16F877A



                Name                               Link     Load   Length Selector   Space Scale
C:\Users\515817\AppData\Local\Temp\s31k.o
                end_init                              0        0        3        0       0
                config                             2007     2007        1     400E       0
dist/default/production\EmbededSystemsACW.production.o
                cinit                               7B9      7B9       47      F72       0
                text56                             1DCE     1DCE        4     3B9C       0
                text55                             142D     142D       47     285A       0
                text54                             11AC     11AC       3B     2358       0
                text53                             155D     155D       63     2ABA       0
                text52                             14BF     14BF       4F     297E       0
                text51                             1EEC     1EEC       22     3DD8       0
                text50                             1F0E     1F0E       22     3E1C       0
                text49                              9A2      9A2       E8     1344       0
                text48                             1111     1111       32     2222       0
                text47                               DF       DF      1C7      1BE       0
                text46                             1E30     1E30       15     3C60       0
                text45                             1DEF     1DEF        F     3BDE       0
                text44                             1DFE     1DFE        F     3BFC       0
                text43                             1361     1361       44     26C2       0
                text42                             125F     125F       3E     24BE       0
                text41                             15C0     15C0       71     2B80       0
                text40                              B74      B74      16D     16E8       0
                text39                             1F30     1F30       22     3E60       0
                text38                             1F52     1F52       22     3EA4       0
                text37                             1F74     1F74       22     3EE8       0
                text36                             1723     1723       DD     2E46       0
                text35                             1F96     1F96       22     3F2C       0
                text34                              80B      80B       B1     1016       0
                text33                             1DDA     1DDA        7     3BB4       0
                text32                             1631     1631       73     2C62       0
                text31                             16A4     16A4       7F     2D48       0
                text30                              803      803        8     1006       0
                text29                             1DE1     1DE1        7     3BC2       0
                text28                             1ECE     1ECE       1E     3D9C       0
                text27                             131F     131F       42     263E       0
                text26                             150E     150E       4F     2A1C       0
                text25                             129D     129D       41     253A       0
                text24                             1E5A     1E5A       1D     3CB4       0
                text23                              CE1      CE1      18F     19C2       0
                text22                             1FB8     1FB8       22     3F70       0
                text21                             1E77     1E77       1D     3CEE       0
                text20                             1E94     1E94       1D     3D28       0
                text19                             1EB1     1EB1       1D     3D62       0
                text18                              4D8      4D8      2E1      9B0       0
                text17                             1E45     1E45       15     3C8A       0
                text16                             13A5     13A5       44     274A       0
                text15                             1222     1222       3D     2444       0
                text14                             13E9     13E9       44     27D2       0
                text13                             1474     1474       4B     28E8       0
                text12                             12DE     12DE       41     25BC       0
                text11                              E70      E70      190     1CE0       0
                text10                             1FDA     1FDA       26     3FB4       0
                text9                               8BC      8BC       E6     1178       0
                text8                              1143     1143       33     2286       0
                text7                              1DD2     1DD2        4     3BA4       0
                text6                              10E9     10E9       28     21D2       0
                text5                               A8A      A8A       EA     1514       0
                text4                              1DD6     1DD6        4     3BAC       0
                text3                                 C        C       D3       18       0
                text2                              1176     1176       36     22EC       0
                text1                              1DE8     1DE8        7     3BD0       0
                maintext                            2A6      2A6      232      54C       0
                cstackBANK0                          20       20       36       20       1
                cstackCOMMON                         70       70        E       70       1
                clrtext                               4        4        8        8       0
                inittext                           1E1D     1E1D       13     3C3A       0
                dataBANK3                           190      190       10      190       1
                bssBANK3                            1A0      1A0        E      190       1
                dataBANK1                            A0       A0       3B       A0       1
                bssBANK1                             DB       DB       15       A0       1
                dataBANK0                            6C       6C        4       20       1
                bssBANK0                             56       56       16       20       1
                strings                            1000     1000       E4     2000       0
                idataBANK3                         1E0D     1E0D       10     3C1A       0
                idataBANK1                         11E7     11E7       3B     23CE       0
                idataBANK0                         10E5     10E5        4     21CA       0

TOTAL           Name                               Link     Load   Length     Space
        CLASS   STACK          

        CLASS   CODE           
                end_init                              0        0        3         0
                cinit                               7B9      7B9       47         0
                text56                             1DCE     1DCE        4         0
                text55                             142D     142D       47         0
                text54                             11AC     11AC       3B         0
                text53                             155D     155D       63         0
                text52                             14BF     14BF       4F         0
                text51                             1EEC     1EEC       22         0
                text50                             1F0E     1F0E       22         0
                text49                              9A2      9A2       E8         0
                text48                             1111     1111       32         0
                text47                               DF       DF      1C7         0
                text46                             1E30     1E30       15         0
                text45                             1DEF     1DEF        F         0
                text44                             1DFE     1DFE        F         0
                text43                             1361     1361       44         0
                text42                             125F     125F       3E         0
                text41                             15C0     15C0       71         0
                text40                              B74      B74      16D         0
                text39                             1F30     1F30       22         0
                text38                             1F52     1F52       22         0
                text37                             1F74     1F74       22         0
                text36                             1723     1723       DD         0
                text35                             1F96     1F96       22         0
                text34                              80B      80B       B1         0
                text33                             1DDA     1DDA        7         0
                text32                             1631     1631       73         0
                text31                             16A4     16A4       7F         0
                text30                              803      803        8         0
                text29                             1DE1     1DE1        7         0
                text28                             1ECE     1ECE       1E         0
                text27                             131F     131F       42         0
                text26                             150E     150E       4F         0
                text25                             129D     129D       41         0
                text24                             1E5A     1E5A       1D         0
                text23                              CE1      CE1      18F         0
                text22                             1FB8     1FB8       22         0
                text21                             1E77     1E77       1D         0
                text20                             1E94     1E94       1D         0
                text19                             1EB1     1EB1       1D         0
                text18                              4D8      4D8      2E1         0
                text17                             1E45     1E45       15         0
                text16                             13A5     13A5       44         0
                text15                             1222     1222       3D         0
                text14                             13E9     13E9       44         0
                text13                             1474     1474       4B         0
                text12                             12DE     12DE       41         0
                text11                              E70      E70      190         0
                text10                             1FDA     1FDA       26         0
                text9                               8BC      8BC       E6         0
                text8                              1143     1143       33         0
                text7                              1DD2     1DD2        4         0
                text6                              10E9     10E9       28         0
                text5                               A8A      A8A       EA         0
                text4                              1DD6     1DD6        4         0
                text3                                 C        C       D3         0
                text2                              1176     1176       36         0
                text1                              1DE8     1DE8        7         0
                maintext                            2A6      2A6      232         0
                clrtext                               4        4        8         0
                inittext                           1E1D     1E1D       13         0
                idataBANK3                         1E0D     1E0D       10         0
                idataBANK1                         11E7     11E7       3B         0
                idataBANK0                         10E5     10E5        4         0

        CLASS   STRCODE        

        CLASS   STRING         
                strings                            1000     1000       E4         0

        CLASS   CONST          

        CLASS   ENTRY          

        CLASS   COMMON         
                cstackCOMMON                         70       70        E         1

        CLASS   BANK0          
                cstackBANK0                          20       20       36         1
                dataBANK0                            6C       6C        4         1
                bssBANK0                             56       56       16         1

        CLASS   BANK1          
                dataBANK1                            A0       A0       3B         1
                bssBANK1                             DB       DB       15         1

        CLASS   BANK2          

        CLASS   BANK3          
                dataBANK3                           190      190       10         1
                bssBANK3                            1A0      1A0        E         1

        CLASS   RAM            

        CLASS   ABS1           
                abs_s1                               7E       7E        2         1

        CLASS   SFR0           

        CLASS   SFR1           

        CLASS   SFR2           

        CLASS   SFR3           

        CLASS   CONFIG         
                config                             2007     2007        1         0

        CLASS   IDLOC          

        CLASS   EEDATA         



SEGMENTS        Name                           Load    Length   Top    Selector   Space  Class     Delta

                reset_vec                      000000  000003  000003         0       0  CODE        2
                clrtext                        000004  000008  00000C         8       0  CODE        2
                text3                          00000C  0000D3  0000DF        18       0  CODE        2
                cstackBANK0                    000020  000050  000070        20       1  BANK0       1
                cstackCOMMON                   000070  00000E  00007E        70       1  COMMON      1
                dataBANK1                      0000A0  000050  0000F0        A0       1  BANK1       1
                dataBANK3                      000190  00001E  0001AE       190       1  BANK3       1
                text47                         0000DF  0001C7  0002A6       1BE       0  CODE        2
                maintext                       0002A6  000232  0004D8       54C       0  CODE        2
                text18                         0004D8  0002E1  0007B9       9B0       0  CODE        2
                cinit                          0007B9  000047  000800       F72       0  CODE        2
                text30                         000803  000008  00080B      1006       0  CODE        2
                text34                         00080B  0000B1  0008BC      1016       0  CODE        2
                text9                          0008BC  0000E6  0009A2      1178       0  CODE        2
                text49                         0009A2  0000E8  000A8A      1344       0  CODE        2
                text5                          000A8A  0000EA  000B74      1514       0  CODE        2
                text40                         000B74  00016D  000CE1      16E8       0  CODE        2
                text23                         000CE1  00018F  000E70      19C2       0  CODE        2
                text11                         000E70  000190  001000      1CE0       0  CODE        2
                strings                        001000  0000E4  0010E4      2000       0  STRING      2
                idataBANK0                     0010E5  000004  0010E9      21CA       0  CODE        2
                text6                          0010E9  000028  001111      21D2       0  CODE        2
                text48                         001111  000032  001143      2222       0  CODE        2
                text8                          001143  000033  001176      2286       0  CODE        2
                text2                          001176  000036  0011AC      22EC       0  CODE        2
                text54                         0011AC  00003B  0011E7      2358       0  CODE        2
                idataBANK1                     0011E7  00003B  001222      23CE       0  CODE        2
                text15                         001222  00003D  00125F      2444       0  CODE        2
                text42                         00125F  00003E  00129D      24BE       0  CODE        2
                text25                         00129D  000041  0012DE      253A       0  CODE        2
                text12                         0012DE  000041  00131F      25BC       0  CODE        2
                text27                         00131F  000042  001361      263E       0  CODE        2
                text43                         001361  000044  0013A5      26C2       0  CODE        2
                text16                         0013A5  000044  0013E9      274A       0  CODE        2
                text14                         0013E9  000044  00142D      27D2       0  CODE        2
                text55                         00142D  000047  001474      285A       0  CODE        2
                text13                         001474  00004B  0014BF      28E8       0  CODE        2
                text52                         0014BF  00004F  00150E      297E       0  CODE        2
                text26                         00150E  00004F  00155D      2A1C       0  CODE        2
                text53                         00155D  000063  0015C0      2ABA       0  CODE        2
                text41                         0015C0  000071  001631      2B80       0  CODE        2
                text32                         001631  000073  0016A4      2C62       0  CODE        2
                text31                         0016A4  00007F  001723      2D48       0  CODE        2
                text36                         001723  0000DD  001800      2E46       0  CODE        2
                text56                         001DCE  000004  001DD2      3B9C       0  CODE        2
                text7                          001DD2  000004  001DD6      3BA4       0  CODE        2
                text4                          001DD6  000004  001DDA      3BAC       0  CODE        2
                text33                         001DDA  000007  001DE1      3BB4       0  CODE        2
                text29                         001DE1  000007  001DE8      3BC2       0  CODE        2
                text1                          001DE8  000007  001DEF      3BD0       0  CODE        2
                text45                         001DEF  00000F  001DFE      3BDE       0  CODE        2
                text44                         001DFE  00000F  001E0D      3BFC       0  CODE        2
                idataBANK3                     001E0D  000010  001E1D      3C1A       0  CODE        2
                inittext                       001E1D  000013  001E30      3C3A       0  CODE        2
                text46                         001E30  000015  001E45      3C60       0  CODE        2
                text17                         001E45  000015  001E5A      3C8A       0  CODE        2
                text24                         001E5A  00001D  001E77      3CB4       0  CODE        2
                text21                         001E77  00001D  001E94      3CEE       0  CODE        2
                text20                         001E94  00001D  001EB1      3D28       0  CODE        2
                text19                         001EB1  00001D  001ECE      3D62       0  CODE        2
                text28                         001ECE  00001E  001EEC      3D9C       0  CODE        2
                text51                         001EEC  000022  001F0E      3DD8       0  CODE        2
                text50                         001F0E  000022  001F30      3E1C       0  CODE        2
                text39                         001F30  000022  001F52      3E60       0  CODE        2
                text38                         001F52  000022  001F74      3EA4       0  CODE        2
                text37                         001F74  000022  001F96      3EE8       0  CODE        2
                text35                         001F96  000022  001FB8      3F2C       0  CODE        2
                text22                         001FB8  000022  001FDA      3F70       0  CODE        2
                text10                         001FDA  000026  002000      3FB4       0  CODE        2
                config                         002007  000001  002008      400E       0  CONFIG      2


UNUSED ADDRESS RANGES

        Name                Unused          Largest block    Delta
        BANK2            0110-016F             60           1
        BANK3            01AE-01EF             42           1
        CODE             0003-0003              1           2
                         0800-0802              3
                         10E4-10E4              1
                         1800-1DCD            5CE
        CONST            0003-0003              1           2
                         0800-0802              3
                         10E4-10E4              1
                         1800-1DCD            100
        EEDATA           2100-21FF            100           2
        ENTRY            0003-0003              1           2
                         0800-0802              3
                         10E4-10E4              1
                         1800-1DCD            100
        IDLOC            2000-2003              4           2
        RAM              0110-016F             60           1
                         01AE-01EF             42
        SFR0             0000-001F             20           1
        SFR1             0080-009F             20           1
        SFR2             0100-010F             10           1
        SFR3             0180-018F             10           1
        STACK            0110-016F             60           1
        STRCODE          0003-0003              1           2
                         0800-0802              3
                         10E4-10E4              1
                         1800-1DCD            5CE
        STRING           0003-0003              1           2
                         0800-0802              3
                         10E4-10E4              1
                         1800-1DCD            100

                                  Symbol Table

?_Keypad_Scan                            cstackCOMMON 0076
?_RealTimeClock_get_day_of_month         cstackBANK0  0025
?_RealTimeClock_get_day_of_week          cstackBANK0  0025
?_RealTimeClock_get_hours                cstackBANK0  0025
?_RealTimeClock_get_minutes              cstackBANK0  0025
?_RealTimeClock_get_month                cstackBANK0  0025
?_RealTimeClock_get_seconds              cstackBANK0  0025
?_RealTimeClock_get_year                 cstackBANK0  0025
?___awdiv                                cstackCOMMON 0070
?___awmod                                cstackCOMMON 0070
?___hex_to_int                           cstackCOMMON 0077
?___lwdiv                                cstackCOMMON 0076
?___lwmod                                cstackCOMMON 0070
?___wmul                                 cstackCOMMON 0070
ChangeTrigger@Key                        cstackBANK0  002C
ChangeTrigger@Trigger                    cstackBANK0  0029
ChangeTrigger@TriggerSet                 cstackBANK0  002A
ChangeTrigger@decimal                    cstackBANK0  002B
ChangeTrigger@digits                     cstackBANK0  0026
ChangeTrigger@i                          cstackBANK0  002F
ChangeTrigger@i_199                      cstackBANK0  002D
DateDayScreen@Key                        cstackBANK0  0031
DateDayScreen@date                       cstackBANK0  0034
DateDayScreen@day                        cstackBANK0  0035
Delay@x                                  cstackCOMMON 0072
Delay@y                                  cstackCOMMON 0070
Delay@z                                  cstackCOMMON 0073
DisplayDate@day                          cstackBANK0  0029
DisplayDate@month                        cstackBANK0  0027
DisplayDate@year                         cstackBANK0  002B
DisplayDay@Friday                        cstackBANK0  002B
DisplayDay@Monday                        cstackBANK0  0027
DisplayDay@Saturday                      cstackBANK0  002C
DisplayDay@Sunday                        cstackBANK0  002D
DisplayDay@Thursday                      cstackBANK0  002A
DisplayDay@Tuesday                       cstackBANK0  0028
DisplayDay@Wednesday                     cstackBANK0  0029
DisplayTemp@tempBuffer                   cstackBANK0  0027
Get_Temp@buffer                          cstackBANK0  0024
Get_Temp@i                               cstackBANK0  0025
HeatingControlOff@Key                    cstackBANK0  0031
HeatingControlOff@Off                    cstackBANK0  003A
HeatingControlOff@On                     cstackBANK0  003B
HeatingControlOff@temp                   cstackBANK0  0033
HeatingControlOff@temp2                  cstackBANK0  0035
HeatingControlOff@temp3                  cstackBANK0  0037
Key_Delay@i                              cstackCOMMON 0072
Key_Delay@j                              cstackCOMMON 0074
Key_Delay@k                              cstackCOMMON 0070
LCD_Command@c                            cstackCOMMON 0070
LCD_SendData@c                           cstackCOMMON 0070
LCD_SendString@i                         cstackCOMMON 0076
LCD_SendString@string                    cstackCOMMON 0071
MainScreen@Temp                          cstackBANK0  002A
MainScreen@Time                          cstackBANK0  0029
Main_Delay@i                             cstackCOMMON 0073
Main_Delay@j                             cstackCOMMON 0075
Main_Delay@k                             cstackCOMMON 0070
Read_Byte@i                              cstackCOMMON 0076
Read_Byte@j                              bssBANK0     0062
Read_Byte@value                          cstackCOMMON 0075
RealTimeClock_get_day_of_month@c         cstackCOMMON 007B
RealTimeClock_get_day_of_week@c          cstackCOMMON 007B
RealTimeClock_get_hours@c                cstackCOMMON 007B
RealTimeClock_get_minutes@c              cstackCOMMON 007B
RealTimeClock_get_month@c                cstackCOMMON 007B
RealTimeClock_get_seconds@c              cstackCOMMON 007B
RealTimeClock_get_year@c                 cstackCOMMON 007B
RealTimeClock_read_byte@i                cstackCOMMON 0073
RealTimeClock_read_byte@time_rx          cstackCOMMON 0072
RealTimeClock_set_burst_time@i           cstackBANK0  0023
RealTimeClock_set_burst_time@time        cstackBANK0  0022
RealTimeClock_set_day_of_week@day        cstackBANK0  0020
RealTimeClock_set_hours@hours            cstackBANK0  0020
RealTimeClock_set_minutes@minutes        cstackBANK0  0020
RealTimeClock_set_seconds@seconds        cstackBANK0  0020
RealTimeClock_write_byte@i               cstackCOMMON 0072
RealTimeClock_write_byte@time_tx         cstackCOMMON 0074
Reset@presence                           cstackCOMMON 0075
SetDate@Date                             cstackBANK0  002B
SetDate@DateSet                          cstackBANK0  002C
SetDate@Day                              cstackBANK0  002A
SetDate@Friday                           cstackBANK0  0031
SetDate@Key                              cstackBANK0  0027
SetDate@Monday                           cstackBANK0  002D
SetDate@Saturday                         cstackBANK0  0032
SetDate@Sunday                           cstackBANK0  0033
SetDate@Thursday                         cstackBANK0  0030
SetDate@Tuesday                          cstackBANK0  002E
SetDate@Wednesday                        cstackBANK0  002F
SetDate@dayInt                           cstackBANK0  0036
SetDate@i                                cstackBANK0  0034
SetTime@F993                             dataBANK1    00AA
SetTime@Key                              cstackBANK0  0027
SetTime@Time                             cstackBANK0  0038
SetTime@TimeSet                          cstackBANK0  0039
SetTime@digits                           cstackBANK0  002F
SetTime@hour                             cstackBANK0  003A
SetTime@i                                cstackBANK0  0046
SetTime@min                              cstackBANK0  003C
SetTime@sec                              cstackBANK0  003E
SetTime@setTime                          cstackBANK0  0040
SoundAlarm@Alarm                         cstackBANK0  0045
SoundAlarm@Key                           cstackBANK0  003C
SoundAlarm@temp                          cstackBANK0  003E
SoundAlarm@temp2                         cstackBANK0  0040
SoundAlarm@temp3                         cstackBANK0  0042
SwapToHeatingDisplay@Heat                cstackCOMMON 007B
SwapToHeatingDisplay@Key                 cstackCOMMON 0078
SwapToHeatingDisplay@Off                 cstackCOMMON 007D
SwapToHeatingDisplay@On                  cstackCOMMON 007C
Switch24Hour@Key                         cstackCOMMON 0077
Switch24Hour@c                           cstackCOMMON 007A
Write_Byte@i                             cstackCOMMON 0078
Write_Byte@temp                          cstackCOMMON 0076
Write_Byte@val                           cstackCOMMON 0077
_ADCON1                                  (abs)        009F
_Buzzer_Init                             text56       1DCE
_ChangeTrigger                           text40       0B74
_CheckDay                                text25       129D
_CheckTime                               text49       09A2
_DateDayScreen                           text31       16A4
_Delay                                   text17       1E45
_DisableAlarm                            bssBANK1     00EE
_DisplayDate                             text36       1723
_DisplayDay                              text34       080B
_DisplayTemp                             text10       1FDA
_DisplayTime                             text9        08BC
_Get_Temp                                text11       0E70
_HeatingControlOff                       text5        0A8A
_Init_Keypad                             text30       0803
_IsHeatingOn                             bssBANK0     0060
_Key_Delay                               text48       1111
_Keypad_Scan                             text47       00DF
_LCD_Busy                                text46       1E30
_LCD_Command                             text45       1DEF
_LCD_Init                                text29       1DE1
_LCD_SecondLine                          text33       1DDA
_LCD_SendData                            text44       1DFE
_LCD_SendString                          text43       1361
_MainScreen                              text8        1143
_Main_Delay                              text42       125F
_PORTC                                   (abs)        0007
_PORTD                                   (abs)        0008
_RA0                                     (abs)        0028
_RA1                                     (abs)        0029
_RA2                                     (abs)        002A
_RA3                                     (abs)        002B
_RB0                                     (abs)        0030
_RB1                                     (abs)        0031
_RB4                                     (abs)        0034
_RB5                                     (abs)        0035
_RC0                                     (abs)        0038
_RC1                                     (abs)        0039
_RC2                                     (abs)        003A
_RC3                                     (abs)        003B
_RC4                                     (abs)        003C
_RC5                                     (abs)        003D
_RC6                                     (abs)        003E
_RC7                                     (abs)        003F
_RD7                                     (abs)        0047
_Read_Byte                               text16       13A5
_RealTimeClock_get_day_of_month          text39       1F30
_RealTimeClock_get_day_of_week           text35       1F96
_RealTimeClock_get_hours                 text51       1EEC
_RealTimeClock_get_minutes               text50       1F0E
_RealTimeClock_get_month                 text38       1F52
_RealTimeClock_get_seconds               text22       1FB8
_RealTimeClock_get_year                  text37       1F74
_RealTimeClock_init                      text28       1ECE
_RealTimeClock_read_byte                 text55       142D
_RealTimeClock_set_burst_time            text26       150E
_RealTimeClock_set_day_of_week           text24       1E5A
_RealTimeClock_set_hours                 text21       1E77
_RealTimeClock_set_minutes               text20       1E94
_RealTimeClock_set_seconds               text19       1EB1
_RealTimeClock_write_byte                text54       11AC
_Reset                                   text15       1222
_SetDate                                 text23       0CE1
_SetTime                                 text18       04D8
_SoundAlarm                              text3        000C
_SoundOff                                text7        1DD2
_SoundOn                                 text4        1DD6
_SwapToHeatingDisplay                    text32       1631
_Switch24Hour                            text2        1176
_THB                                     bssBANK0     0069
_TLB                                     bssBANK0     006A
_TRISA                                   (abs)        0085
_TRISA0                                  (abs)        0428
_TRISB0                                  (abs)        0430
_TRISB1                                  (abs)        0431
_TRISB4                                  (abs)        0434
_TRISB5                                  (abs)        0435
_TRISC                                   (abs)        0087
_TRISD                                   (abs)        0088
_Temp                                    bssBANK1     00E1
_TempBCD                                 bssBANK0     0056
_TempDec                                 bssBANK0     0067
_TempInt                                 bssBANK0     0068
_Thermometer_Init                        text1        1DE8
_Write_Byte                              text14       13E9
__CFG_BOREN$OFF                          (abs)        0000
__CFG_FOSC$HS                            (abs)        0000
__CFG_LVP$OFF                            (abs)        0000
__CFG_PWRTE$ON                           (abs)        0000
__CFG_WDTE$OFF                           (abs)        0000
__Habs1                                  abs1         0000
__Hbank0                                 bank0        0000
__Hbank1                                 bank1        0000
__Hbank2                                 bank2        0000
__Hbank3                                 bank3        0000
__HbssBANK0                              bssBANK0     0000
__HbssBANK1                              bssBANK1     0000
__HbssBANK3                              bssBANK3     0000
__Hcinit                                 cinit        0800
__Hclrtext                               clrtext      0000
__Hcode                                  code         0000
__Hcommon                                common       0000
__Hconfig                                config       2008
__HcstackBANK0                           cstackBANK0  0000
__HcstackCOMMON                          cstackCOMMON 0000
__HdataBANK0                             dataBANK0    0000
__HdataBANK1                             dataBANK1    0000
__HdataBANK3                             dataBANK3    0000
__Heeprom_data                           eeprom_data  0000
__Hend_init                              end_init     0003
__Hfunctab                               functab      0000
__HidataBANK0                            idataBANK0   0000
__HidataBANK1                            idataBANK1   0000
__HidataBANK3                            idataBANK3   0000
__Hidloc                                 idloc        0000
__Hinit                                  init         0000
__Hinittext                              inittext     0000
__Hintentry                              intentry     0000
__Hmaintext                              maintext     0000
__Hpowerup                               powerup      0000
__Hram                                   ram          0000
__Hreset_vec                             reset_vec    0000
__Hsfr0                                  sfr0         0000
__Hsfr1                                  sfr1         0000
__Hsfr2                                  sfr2         0000
__Hsfr3                                  sfr3         0000
__Hspace_0                               (abs)        2008
__Hspace_1                               (abs)        01AE
__Hspace_2                               (abs)        0000
__Hspace_3                               (abs)        0000
__Hstack                                 stack        0000
__Hstrings                               strings      0000
__Htext                                  text         0000
__Labs1                                  abs1         0000
__Lbank0                                 bank0        0000
__Lbank1                                 bank1        0000
__Lbank2                                 bank2        0000
__Lbank3                                 bank3        0000
__LbssBANK0                              bssBANK0     0000
__LbssBANK1                              bssBANK1     0000
__LbssBANK3                              bssBANK3     0000
__Lcinit                                 cinit        07B9
__Lclrtext                               clrtext      0000
__Lcode                                  code         0000
__Lcommon                                common       0000
__Lconfig                                config       2007
__LcstackBANK0                           cstackBANK0  0000
__LcstackCOMMON                          cstackCOMMON 0000
__LdataBANK0                             dataBANK0    0000
__LdataBANK1                             dataBANK1    0000
__LdataBANK3                             dataBANK3    0000
__Leeprom_data                           eeprom_data  0000
__Lend_init                              end_init     0000
__Lfunctab                               functab      0000
__LidataBANK0                            idataBANK0   0000
__LidataBANK1                            idataBANK1   0000
__LidataBANK3                            idataBANK3   0000
__Lidloc                                 idloc        0000
__Linit                                  init         0000
__Linittext                              inittext     0000
__Lintentry                              intentry     0000
__Lmaintext                              maintext     0000
__Lpowerup                               powerup      0000
__Lram                                   ram          0000
__Lreset_vec                             reset_vec    0000
__Lsfr0                                  sfr0         0000
__Lsfr1                                  sfr1         0000
__Lsfr2                                  sfr2         0000
__Lsfr3                                  sfr3         0000
__Lspace_0                               (abs)        0000
__Lspace_1                               (abs)        0000
__Lspace_2                               (abs)        0000
__Lspace_3                               (abs)        0000
__Lstack                                 stack        0000
__Lstrings                               strings      0000
__Ltext                                  text         0000
__S0                                     (abs)        2008
__S1                                     (abs)        01AE
__S2                                     (abs)        0000
__S3                                     (abs)        0000
___RealTimeClock_buff                    bssBANK3     01A0
___awdiv                                 text41       15C0
___awdiv@counter                         cstackCOMMON 0075
___awdiv@dividend                        cstackCOMMON 0072
___awdiv@divisor                         cstackCOMMON 0070
___awdiv@quotient                        cstackCOMMON 0077
___awdiv@sign                            cstackCOMMON 0076
___awmod                                 text53       155D
___awmod@counter                         cstackCOMMON 0075
___awmod@dividend                        cstackCOMMON 0072
___awmod@divisor                         cstackCOMMON 0070
___awmod@sign                            cstackCOMMON 0076
___hex_to_int                            text52       14BF
___hex_to_int@hex                        cstackBANK0  0020
___hex_to_int@i                          cstackBANK0  0021
___hex_to_int@t                          cstackBANK0  0023
___int_sp                                stack        0000
___int_to_hex                            text27       131F
___int_to_hex@i                          cstackCOMMON 007C
___int_to_hex@integer                    cstackCOMMON 0077
___int_to_hex@t                          cstackCOMMON 007A
___latbits                               (abs)        0002
___lwdiv                                 text13       1474
___lwdiv@counter                         cstackCOMMON 007D
___lwdiv@dividend                        cstackCOMMON 0078
___lwdiv@divisor                         cstackCOMMON 0076
___lwdiv@quotient                        cstackCOMMON 007B
___lwmod                                 text12       12DE
___lwmod@counter                         cstackCOMMON 0075
___lwmod@dividend                        cstackCOMMON 0072
___lwmod@divisor                         cstackCOMMON 0070
___sp                                    stack        0000
___wmul                                  text6        10E9
___wmul@multiplicand                     cstackCOMMON 0072
___wmul@multiplier                       cstackCOMMON 0070
___wmul@product                          cstackCOMMON 0074
__end_of_Buzzer_Init                     text56       1DD2
__end_of_ChangeTrigger                   text40       0CE1
__end_of_CheckDay                        text25       12DE
__end_of_CheckTime                       text49       0A8A
__end_of_DateDayScreen                   text31       1723
__end_of_Delay                           text17       1E5A
__end_of_DisplayDate                     text36       1800
__end_of_DisplayDay                      text34       08BC
__end_of_DisplayTemp                     text10       2000
__end_of_DisplayTime                     text9        09A2
__end_of_Get_Temp                        text11       1000
__end_of_HeatingControlOff               text5        0B74
__end_of_Init_Keypad                     text30       080B
__end_of_Key_Delay                       text48       1143
__end_of_Keypad_Scan                     text47       02A6
__end_of_LCD_Busy                        text46       1E45
__end_of_LCD_Command                     text45       1DFE
__end_of_LCD_Init                        text29       1DE8
__end_of_LCD_SecondLine                  text33       1DE1
__end_of_LCD_SendData                    text44       1E0D
__end_of_LCD_SendString                  text43       13A5
__end_of_MainScreen                      text8        1176
__end_of_Main_Delay                      text42       129D
__end_of_Read_Byte                       text16       13E9
__end_of_RealTimeClock_get_day_of_month  text39       1F52
__end_of_RealTimeClock_get_day_of_week   text35       1FB8
__end_of_RealTimeClock_get_hours         text51       1F0E
__end_of_RealTimeClock_get_minutes       text50       1F30
__end_of_RealTimeClock_get_month         text38       1F74
__end_of_RealTimeClock_get_seconds       text22       1FDA
__end_of_RealTimeClock_get_year          text37       1F96
__end_of_RealTimeClock_init              text28       1EEC
__end_of_RealTimeClock_read_byte         text55       1474
__end_of_RealTimeClock_set_burst_time    text26       155D
__end_of_RealTimeClock_set_day_of_week   text24       1E77
__end_of_RealTimeClock_set_hours         text21       1E94
__end_of_RealTimeClock_set_minutes       text20       1EB1
__end_of_RealTimeClock_set_seconds       text19       1ECE
__end_of_RealTimeClock_write_byte        text54       11E7
__end_of_Reset                           text15       125F
__end_of_SetDate                         text23       0E70
__end_of_SetTime                         text18       07B9
__end_of_SoundAlarm                      text3        00DF
__end_of_SoundOff                        text7        1DD6
__end_of_SoundOn                         text4        1DDA
__end_of_SwapToHeatingDisplay            text32       16A4
__end_of_Switch24Hour                    text2        11AC
__end_of_Thermometer_Init                text1        1DEF
__end_of_Write_Byte                      text14       142D
__end_of___awdiv                         text41       1631
__end_of___awmod                         text53       15C0
__end_of___hex_to_int                    text52       150E
__end_of___int_to_hex                    text27       1361
__end_of___lwdiv                         text13       14BF
__end_of___lwmod                         text12       131F
__end_of___wmul                          text6        1111
__end_of__initialization                 cinit        07FC
__end_of__stringtab                      strings      1010
__end_of_main                            maintext     04D8
__initialization                         cinit        07B9
__pbssBANK0                              bssBANK0     0056
__pbssBANK1                              bssBANK1     00DB
__pbssBANK3                              bssBANK3     01A0
__pcstackBANK0                           cstackBANK0  0020
__pcstackCOMMON                          cstackCOMMON 0070
__pdataBANK0                             dataBANK0    006C
__pdataBANK1                             dataBANK1    00A0
__pdataBANK3                             dataBANK3    0190
__pidataBANK0                            idataBANK0   10E5
__pidataBANK1                            idataBANK1   11E7
__pidataBANK3                            idataBANK3   1E0D
__pmaintext                              maintext     02A6
__pstrings                               strings      1000
__ptext1                                 text1        1DE8
__ptext10                                text10       1FDA
__ptext11                                text11       0E70
__ptext12                                text12       12DE
__ptext13                                text13       1474
__ptext14                                text14       13E9
__ptext15                                text15       1222
__ptext16                                text16       13A5
__ptext17                                text17       1E45
__ptext18                                text18       04D8
__ptext19                                text19       1EB1
__ptext2                                 text2        1176
__ptext20                                text20       1E94
__ptext21                                text21       1E77
__ptext22                                text22       1FB8
__ptext23                                text23       0CE1
__ptext24                                text24       1E5A
__ptext25                                text25       129D
__ptext26                                text26       150E
__ptext27                                text27       131F
__ptext28                                text28       1ECE
__ptext29                                text29       1DE1
__ptext3                                 text3        000C
__ptext30                                text30       0803
__ptext31                                text31       16A4
__ptext32                                text32       1631
__ptext33                                text33       1DDA
__ptext34                                text34       080B
__ptext35                                text35       1F96
__ptext36                                text36       1723
__ptext37                                text37       1F74
__ptext38                                text38       1F52
__ptext39                                text39       1F30
__ptext4                                 text4        1DD6
__ptext40                                text40       0B74
__ptext41                                text41       15C0
__ptext42                                text42       125F
__ptext43                                text43       1361
__ptext44                                text44       1DFE
__ptext45                                text45       1DEF
__ptext46                                text46       1E30
__ptext47                                text47       00DF
__ptext48                                text48       1111
__ptext49                                text49       09A2
__ptext5                                 text5        0A8A
__ptext50                                text50       1F0E
__ptext51                                text51       1EEC
__ptext52                                text52       14BF
__ptext53                                text53       155D
__ptext54                                text54       11AC
__ptext55                                text55       142D
__ptext56                                text56       1DCE
__ptext6                                 text6        10E9
__ptext7                                 text7        1DD2
__ptext8                                 text8        1143
__ptext9                                 text9        08BC
__size_of_Buzzer_Init                    (abs)        0000
__size_of_ChangeTrigger                  (abs)        0000
__size_of_CheckDay                       (abs)        0000
__size_of_CheckTime                      (abs)        0000
__size_of_DateDayScreen                  (abs)        0000
__size_of_Delay                          (abs)        0000
__size_of_DisplayDate                    (abs)        0000
__size_of_DisplayDay                     (abs)        0000
__size_of_DisplayTemp                    (abs)        0000
__size_of_DisplayTime                    (abs)        0000
__size_of_Get_Temp                       (abs)        0000
__size_of_HeatingControlOff              (abs)        0000
__size_of_Init_Keypad                    (abs)        0000
__size_of_Key_Delay                      (abs)        0000
__size_of_Keypad_Scan                    (abs)        0000
__size_of_LCD_Busy                       (abs)        0000
__size_of_LCD_Command                    (abs)        0000
__size_of_LCD_Init                       (abs)        0000
__size_of_LCD_SecondLine                 (abs)        0000
__size_of_LCD_SendData                   (abs)        0000
__size_of_LCD_SendString                 (abs)        0000
__size_of_MainScreen                     (abs)        0000
__size_of_Main_Delay                     (abs)        0000
__size_of_Read_Byte                      (abs)        0000
__size_of_RealTimeClock_get_day_of_month (abs)        0000
__size_of_RealTimeClock_get_day_of_week  (abs)        0000
__size_of_RealTimeClock_get_hours        (abs)        0000
__size_of_RealTimeClock_get_minutes      (abs)        0000
__size_of_RealTimeClock_get_month        (abs)        0000
__size_of_RealTimeClock_get_seconds      (abs)        0000
__size_of_RealTimeClock_get_year         (abs)        0000
__size_of_RealTimeClock_init             (abs)        0000
__size_of_RealTimeClock_read_byte        (abs)        0000
__size_of_RealTimeClock_set_burst_time   (abs)        0000
__size_of_RealTimeClock_set_day_of_week  (abs)        0000
__size_of_RealTimeClock_set_hours        (abs)        0000
__size_of_RealTimeClock_set_minutes      (abs)        0000
__size_of_RealTimeClock_set_seconds      (abs)        0000
__size_of_RealTimeClock_write_byte       (abs)        0000
__size_of_Reset                          (abs)        0000
__size_of_SetDate                        (abs)        0000
__size_of_SetTime                        (abs)        0000
__size_of_SoundAlarm                     (abs)        0000
__size_of_SoundOff                       (abs)        0000
__size_of_SoundOn                        (abs)        0000
__size_of_SwapToHeatingDisplay           (abs)        0000
__size_of_Switch24Hour                   (abs)        0000
__size_of_Thermometer_Init               (abs)        0000
__size_of_Write_Byte                     (abs)        0000
__size_of___awdiv                        (abs)        0000
__size_of___awmod                        (abs)        0000
__size_of___hex_to_int                   (abs)        0000
__size_of___int_to_hex                   (abs)        0000
__size_of___lwdiv                        (abs)        0000
__size_of___lwmod                        (abs)        0000
__size_of___wmul                         (abs)        0000
__size_of_main                           (abs)        0000
__stringbase                             strings      100F
__stringtab                              strings      1000
_dateDisplayer                           dataBANK1    00B3
_day_of_week                             bssBANK1     00EC
_hundredthbit                            bssBANK0     0063
_intent                                  bssBANK0     0065
_is24Hour                                bssBANK0     005E
_isWeekDay                               bssBANK1     00EA
_main                                    maintext     02A6
_numberTable                             dataBANK1    00A0
_previousTemp                            bssBANK1     00DB
_start_date                              dataBANK3    0190
_tempBuffer                              dataBANK1    00D5
_tenbit                                  bssBANK0     0066
_tenthbit                                bssBANK0     0064
_timeDisplayer                           dataBANK1    00CC
_timeHours                               bssBANK0     005C
_timeMins                                bssBANK0     005A
_timeSecs                                bssBANK0     0058
_triggerTemp                             dataBANK0    006C
_weekDayEnd                              dataBANK1    00C4
_weekDayStart                            dataBANK1    00C8
_weekEndEnd                              dataBANK1    00BC
_weekEndStart                            dataBANK1    00C0
btemp                                    (abs)        007E
clear_ram0                               clrtext      0004
end_of_initialization                    cinit        07FC
init_fetch0                              inittext     1E1D
init_ram0                                inittext     1E21
intlevel0                                functab      0000
intlevel1                                functab      0000
intlevel2                                functab      0000
intlevel3                                functab      0000
intlevel4                                functab      0000
intlevel5                                functab      0000
main@Key                                 cstackBANK0  0054
main@temp                                cstackBANK0  004E
main@temp2                               cstackBANK0  0050
main@temp3                               cstackBANK0  0052
main@tempdec                             cstackBANK0  004A
main@tempdectenth                        cstackBANK0  004C
reset_vec                                reset_vec    0000
stackhi                                  (abs)        0000
stacklo                                  (abs)        0000
start                                    init         0000
start_initialization                     cinit        07B9
wtemp0                                   (abs)        007E


FUNCTION INFORMATION:

 *************** function _main *****************
 Defined at:
		line 760 in file "main.c"
 Parameters:    Size  Location     Type
		None
 Auto vars:     Size  Location     Type
  Key             2   52[BANK0 ] int 
  temp3           2   50[BANK0 ] int 
  temp2           2   48[BANK0 ] int 
  temp            2   46[BANK0 ] int 
  tempdectenth    2   44[BANK0 ] int 
  tempdec         2   42[BANK0 ] int 
 Return value:  Size  Location     Type
                  1    wreg      void 
 Registers used:
		wreg, fsr0l, fsr0h, status,2, status,0, btemp+1, pclath, cstack
 Tracked objects:
		On entry : 
		On exit  : 
		Unchanged: 
 Data sizes:     COMMON   BANK0   BANK1   BANK3   BANK2
      Params:         0       0       0       0       0
      Locals:         0      12       0       0       0
      Temps:          0       2       0       0       0
      Totals:         0      14       0       0       0
Total ram usage:       14 bytes
 Hardware stack levels required when called:    7
 This function calls:
		_Buzzer_Init
		_ChangeTrigger
		_CheckDay
		_CheckTime
		_DateDayScreen
		_HeatingControlOff
		_Init_Keypad
		_Keypad_Scan
		_LCD_Command
		_LCD_Init
		_MainScreen
		_Main_Delay
		_RealTimeClock_get_day_of_week
		_RealTimeClock_init
		_RealTimeClock_set_burst_time
		_SetDate
		_SetTime
		_SoundAlarm
		_SoundOff
		_SwapToHeatingDisplay
		_Switch24Hour
		_Thermometer_Init
		___wmul
 This function is called by:
		Startup code after reset
 This function uses a non-reentrant model


 *************** function _Thermometer_Init *****************
 Defined at:
		line 37 in file "Thermometer.c"
 Parameters:    Size  Location     Type
		None
 Auto vars:     Size  Location     Type
		None
 Return value:  Size  Location     Type
                  1    wreg      void 
 Registers used:
		wreg, status,2
 Tracked objects:
		On entry : 
		On exit  : 
		Unchanged: 
 Data sizes:     COMMON   BANK0   BANK1   BANK3   BANK2
      Params:         0       0       0       0       0
      Locals:         0       0       0       0       0
      Temps:          0       0       0       0       0
      Totals:         0       0       0       0       0
Total ram usage:        0 bytes
 Hardware stack levels used:    1
 This function calls:
		Nothing
 This function is called by:
		_main
 This function uses a non-reentrant model


 *************** function _Switch24Hour *****************
 Defined at:
		line 402 in file "main.c"
 Parameters:    Size  Location     Type
  Key             2    7[COMMON] int 
 Auto vars:     Size  Location     Type
  c               1   10[COMMON] unsigned char 
 Return value:  Size  Location     Type
                  1    wreg      void 
 Registers used:
		wreg, status,2, status,0, pclath, cstack
 Tracked objects:
		On entry : 
		On exit  : 
		Unchanged: 
 Data sizes:     COMMON   BANK0   BANK1   BANK3   BANK2
      Params:         2       0       0       0       0
      Locals:         1       0       0       0       0
      Temps:          1       0       0       0       0
      Totals:         4       0       0       0       0
Total ram usage:        4 bytes
 Hardware stack levels used:    1
 Hardware stack levels required when called:    2
 This function calls:
		_LCD_Command
		_LCD_SendData
		___awmod
 This function is called by:
		_main
 This function uses a non-reentrant model


 *************** function _SoundAlarm *****************
 Defined at:
		line 355 in file "main.c"
 Parameters:    Size  Location     Type
  Key             2   28[BANK0 ] int 
  temp            2   30[BANK0 ] int 
  temp2           2   32[BANK0 ] int 
  temp3           2   34[BANK0 ] int 
 Auto vars:     Size  Location     Type
  Alarm           1   37[BANK0 ] PTR unsigned char 
		 -> STR_17(16), 
 Return value:  Size  Location     Type
                  1    wreg      void 
 Registers used:
		wreg, fsr0l, fsr0h, status,2, status,0, btemp+1, pclath, cstack
 Tracked objects:
		On entry : 
		On exit  : 
		Unchanged: 
 Data sizes:     COMMON   BANK0   BANK1   BANK3   BANK2
      Params:         0       8       0       0       0
      Locals:         0       1       0       0       0
      Temps:          0       1       0       0       0
      Totals:         0      10       0       0       0
Total ram usage:       10 bytes
 Hardware stack levels used:    1
 Hardware stack levels required when called:    6
 This function calls:
		_ChangeTrigger
		_Get_Temp
		_HeatingControlOff
		_Keypad_Scan
		_LCD_Command
		_LCD_SendString
		_SoundOff
		_SoundOn
		_SwapToHeatingDisplay
		___wmul
 This function is called by:
		_main
 This function uses a non-reentrant model


 *************** function _SoundOn *****************
 Defined at:
		line 12 in file "Buzzer.c"
 Parameters:    Size  Location     Type
		None
 Auto vars:     Size  Location     Type
		None
 Return value:  Size  Location     Type
                  1    wreg      void 
 Registers used:
		None
 Tracked objects:
		On entry : 
		On exit  : 
		Unchanged: 
 Data sizes:     COMMON   BANK0   BANK1   BANK3   BANK2
      Params:         0       0       0       0       0
      Locals:         0       0       0       0       0
      Temps:          0       0       0       0       0
      Totals:         0       0       0       0       0
Total ram usage:        0 bytes
 Hardware stack levels used:    1
 This function calls:
		Nothing
 This function is called by:
		_SoundAlarm
 This function uses a non-reentrant model


 *************** function _HeatingControlOff *****************
 Defined at:
		line 296 in file "main.c"
 Parameters:    Size  Location     Type
  Key             2   17[BANK0 ] int 
  temp            2   19[BANK0 ] int 
  temp2           2   21[BANK0 ] int 
  temp3           2   23[BANK0 ] int 
 Auto vars:     Size  Location     Type
  On              1   27[BANK0 ] PTR unsigned char 
		 -> STR_16(11), 
  Off             1   26[BANK0 ] PTR unsigned char 
		 -> STR_15(12), 
 Return value:  Size  Location     Type
                  1    wreg      void 
 Registers used:
		wreg, fsr0l, fsr0h, status,2, status,0, btemp+1, pclath, cstack
 Tracked objects:
		On entry : 
		On exit  : 
		Unchanged: 
 Data sizes:     COMMON   BANK0   BANK1   BANK3   BANK2
      Params:         0       8       0       0       0
      Locals:         0       2       0       0       0
      Temps:          0       1       0       0       0
      Totals:         0      11       0       0       0
Total ram usage:       11 bytes
 Hardware stack levels used:    1
 Hardware stack levels required when called:    5
 This function calls:
		_ChangeTrigger
		_Get_Temp
		_Keypad_Scan
		_LCD_Command
		_LCD_SendString
		_MainScreen
		_Main_Delay
		_SoundOff
		_SwapToHeatingDisplay
		___wmul
 This function is called by:
		_SoundAlarm
		_main
 This function uses a non-reentrant model


 *************** function ___wmul *****************
 Defined at:
		line 15 in file "C:\Program Files (x86)\Microchip\xc8\v2.00\pic\sources\c90\common\Umul16.c"
 Parameters:    Size  Location     Type
  multiplier      2    0[COMMON] unsigned int 
  multiplicand    2    2[COMMON] unsigned int 
 Auto vars:     Size  Location     Type
  product         2    4[COMMON] unsigned int 
 Return value:  Size  Location     Type
                  2    0[COMMON] unsigned int 
 Registers used:
		wreg, status,2, status,0
 Tracked objects:
		On entry : 
		On exit  : 
		Unchanged: 
 Data sizes:     COMMON   BANK0   BANK1   BANK3   BANK2
      Params:         4       0       0       0       0
      Locals:         2       0       0       0       0
      Temps:          0       0       0       0       0
      Totals:         6       0       0       0       0
Total ram usage:        6 bytes
 Hardware stack levels used:    1
 This function calls:
		Nothing
 This function is called by:
		_HeatingControlOff
		_SoundAlarm
		_main
 This function uses a non-reentrant model


 *************** function _SoundOff *****************
 Defined at:
		line 18 in file "Buzzer.c"
 Parameters:    Size  Location     Type
		None
 Auto vars:     Size  Location     Type
		None
 Return value:  Size  Location     Type
                  1    wreg      void 
 Registers used:
		None
 Tracked objects:
		On entry : 
		On exit  : 
		Unchanged: 
 Data sizes:     COMMON   BANK0   BANK1   BANK3   BANK2
      Params:         0       0       0       0       0
      Locals:         0       0       0       0       0
      Temps:          0       0       0       0       0
      Totals:         0       0       0       0       0
Total ram usage:        0 bytes
 Hardware stack levels used:    1
 This function calls:
		Nothing
 This function is called by:
		_HeatingControlOff
		_SoundAlarm
		_main
 This function uses a non-reentrant model


 *************** function _MainScreen *****************
 Defined at:
		line 157 in file "main.c"
 Parameters:    Size  Location     Type
		None
 Auto vars:     Size  Location     Type
  Temp            1   10[BANK0 ] PTR unsigned char 
		 -> STR_9(6), 
  Time            1    9[BANK0 ] PTR unsigned char 
		 -> STR_8(6), 
 Return value:  Size  Location     Type
                  1    wreg      void 
 Registers used:
		wreg, fsr0l, fsr0h, status,2, status,0, btemp+1, pclath, cstack
 Tracked objects:
		On entry : 
		On exit  : 
		Unchanged: 
 Data sizes:     COMMON   BANK0   BANK1   BANK3   BANK2
      Params:         0       0       0       0       0
      Locals:         0       2       0       0       0
      Temps:          0       1       0       0       0
      Totals:         0       3       0       0       0
Total ram usage:        3 bytes
 Hardware stack levels used:    1
 Hardware stack levels required when called:    4
 This function calls:
		_DisplayTemp
		_DisplayTime
		_LCD_SecondLine
		_LCD_SendString
 This function is called by:
		_HeatingControlOff
		_main
 This function uses a non-reentrant model


 *************** function _DisplayTime *****************
 Defined at:
		line 62 in file "main.c"
 Parameters:    Size  Location     Type
		None
 Auto vars:     Size  Location     Type
		None
 Return value:  Size  Location     Type
                  1    wreg      void 
 Registers used:
		wreg, fsr0l, fsr0h, status,2, status,0, btemp+1, pclath, cstack
 Tracked objects:
		On entry : 
		On exit  : 
		Unchanged: 
 Data sizes:     COMMON   BANK0   BANK1   BANK3   BANK2
      Params:         0       0       0       0       0
      Locals:         0       0       0       0       0
      Temps:          1       0       0       0       0
      Totals:         1       0       0       0       0
Total ram usage:        1 bytes
 Hardware stack levels used:    1
 Hardware stack levels required when called:    3
 This function calls:
		_LCD_SendString
		_RealTimeClock_get_hours
		_RealTimeClock_get_minutes
		_RealTimeClock_get_seconds
		___awdiv
		___awmod
 This function is called by:
		_MainScreen
 This function uses a non-reentrant model


 *************** function _DisplayTemp *****************
 Defined at:
		line 143 in file "main.c"
 Parameters:    Size  Location     Type
  tempBuffer      1    wreg     PTR unsigned char 
		 -> tempBuffer(6), 
 Auto vars:     Size  Location     Type
  tempBuffer      1    7[BANK0 ] PTR unsigned char 
		 -> tempBuffer(6), 
 Return value:  Size  Location     Type
                  1    wreg      void 
 Registers used:
		wreg, fsr0l, fsr0h, status,2, status,0, btemp+1, pclath, cstack
 Tracked objects:
		On entry : 
		On exit  : 
		Unchanged: 
 Data sizes:     COMMON   BANK0   BANK1   BANK3   BANK2
      Params:         0       0       0       0       0
      Locals:         0       1       0       0       0
      Temps:          0       0       0       0       0
      Totals:         0       1       0       0       0
Total ram usage:        1 bytes
 Hardware stack levels used:    1
 Hardware stack levels required when called:    3
 This function calls:
		_Get_Temp
		_LCD_Busy
		_LCD_SendData
		_LCD_SendString
 This function is called by:
		_MainScreen
 This function uses a non-reentrant model


 *************** function _Get_Temp *****************
 Defined at:
		line 130 in file "Thermometer.c"
 Parameters:    Size  Location     Type
  buffer          1    wreg     PTR unsigned char 
		 -> tempBuffer(6), 
 Auto vars:     Size  Location     Type
  buffer          1    4[BANK0 ] PTR unsigned char 
		 -> tempBuffer(6), 
  i               2    5[BANK0 ] int 
 Return value:  Size  Location     Type
                  1    wreg      void 
 Registers used:
		wreg, fsr0l, fsr0h, status,2, status,0, btemp+1, pclath, cstack
 Tracked objects:
		On entry : 
		On exit  : 
		Unchanged: 
 Data sizes:     COMMON   BANK0   BANK1   BANK3   BANK2
      Params:         0       0       0       0       0
      Locals:         0       3       0       0       0
      Temps:          0       4       0       0       0
      Totals:         0       7       0       0       0
Total ram usage:        7 bytes
 Hardware stack levels used:    1
 Hardware stack levels required when called:    2
 This function calls:
		_Delay
		_Read_Byte
		_Reset
		_Write_Byte
		___awdiv
		___awmod
		___lwdiv
		___lwmod
 This function is called by:
		_DisplayTemp
		_HeatingControlOff
		_SoundAlarm
 This function uses a non-reentrant model


 *************** function ___lwmod *****************
 Defined at:
		line 5 in file "C:\Program Files (x86)\Microchip\xc8\v2.00\pic\sources\c90\common\lwmod.c"
 Parameters:    Size  Location     Type
  divisor         2    0[COMMON] unsigned int 
  dividend        2    2[COMMON] unsigned int 
 Auto vars:     Size  Location     Type
  counter         1    5[COMMON] unsigned char 
 Return value:  Size  Location     Type
                  2    0[COMMON] unsigned int 
 Registers used:
		wreg, status,2, status,0
 Tracked objects:
		On entry : 
		On exit  : 
		Unchanged: 
 Data sizes:     COMMON   BANK0   BANK1   BANK3   BANK2
      Params:         4       0       0       0       0
      Locals:         1       0       0       0       0
      Temps:          1       0       0       0       0
      Totals:         6       0       0       0       0
Total ram usage:        6 bytes
 Hardware stack levels used:    1
 This function calls:
		Nothing
 This function is called by:
		_Get_Temp
 This function uses a non-reentrant model


 *************** function ___lwdiv *****************
 Defined at:
		line 5 in file "C:\Program Files (x86)\Microchip\xc8\v2.00\pic\sources\c90\common\lwdiv.c"
 Parameters:    Size  Location     Type
  divisor         2    6[COMMON] unsigned int 
  dividend        2    8[COMMON] unsigned int 
 Auto vars:     Size  Location     Type
  quotient        2   11[COMMON] unsigned int 
  counter         1   13[COMMON] unsigned char 
 Return value:  Size  Location     Type
                  2    6[COMMON] unsigned int 
 Registers used:
		wreg, status,2, status,0
 Tracked objects:
		On entry : 
		On exit  : 
		Unchanged: 
 Data sizes:     COMMON   BANK0   BANK1   BANK3   BANK2
      Params:         4       0       0       0       0
      Locals:         3       0       0       0       0
      Temps:          1       0       0       0       0
      Totals:         8       0       0       0       0
Total ram usage:        8 bytes
 Hardware stack levels used:    1
 This function calls:
		Nothing
 This function is called by:
		_Get_Temp
 This function uses a non-reentrant model


 *************** function _Write_Byte *****************
 Defined at:
		line 68 in file "Thermometer.c"
 Parameters:    Size  Location     Type
  val             1    wreg     unsigned char 
 Auto vars:     Size  Location     Type
  val             1    7[COMMON] unsigned char 
  i               1    8[COMMON] unsigned char 
  temp            1    6[COMMON] unsigned char 
 Return value:  Size  Location     Type
                  1    wreg      void 
 Registers used:
		wreg, status,2, status,0, pclath, cstack
 Tracked objects:
		On entry : 
		On exit  : 
		Unchanged: 
 Data sizes:     COMMON   BANK0   BANK1   BANK3   BANK2
      Params:         0       0       0       0       0
      Locals:         3       0       0       0       0
      Temps:          2       0       0       0       0
      Totals:         5       0       0       0       0
Total ram usage:        5 bytes
 Hardware stack levels used:    1
 Hardware stack levels required when called:    1
 This function calls:
		_Delay
 This function is called by:
		_Get_Temp
 This function uses a non-reentrant model


 *************** function _Reset *****************
 Defined at:
		line 45 in file "Thermometer.c"
 Parameters:    Size  Location     Type
		None
 Auto vars:     Size  Location     Type
  presence        1    5[COMMON] unsigned char 
 Return value:  Size  Location     Type
                  1    wreg      void 
 Registers used:
		wreg, status,2, status,0, pclath, cstack
 Tracked objects:
		On entry : 
		On exit  : 
		Unchanged: 
 Data sizes:     COMMON   BANK0   BANK1   BANK3   BANK2
      Params:         0       0       0       0       0
      Locals:         1       0       0       0       0
      Temps:          1       0       0       0       0
      Totals:         2       0       0       0       0
Total ram usage:        2 bytes
 Hardware stack levels used:    1
 Hardware stack levels required when called:    1
 This function calls:
		_Delay
 This function is called by:
		_Get_Temp
 This function uses a non-reentrant model


 *************** function _Read_Byte *****************
 Defined at:
		line 96 in file "Thermometer.c"
 Parameters:    Size  Location     Type
		None
 Auto vars:     Size  Location     Type
  i               1    6[COMMON] unsigned char 
  value           1    5[COMMON] unsigned char 
 Return value:  Size  Location     Type
                  1    wreg      unsigned char 
 Registers used:
		wreg, status,2, status,0, pclath, cstack
 Tracked objects:
		On entry : 
		On exit  : 
		Unchanged: 
 Data sizes:     COMMON   BANK0   BANK1   BANK3   BANK2
      Params:         0       0       0       0       0
      Locals:         2       0       0       0       0
      Temps:          1       0       0       0       0
      Totals:         3       0       0       0       0
Total ram usage:        3 bytes
 Hardware stack levels used:    1
 Hardware stack levels required when called:    1
 This function calls:
		_Delay
 This function is called by:
		_Get_Temp
 This function uses a non-reentrant model


 *************** function _Delay *****************
 Defined at:
		line 28 in file "Thermometer.c"
 Parameters:    Size  Location     Type
  x               1    wreg     unsigned char 
  y               1    0[COMMON] unsigned char 
 Auto vars:     Size  Location     Type
  x               1    2[COMMON] unsigned char 
  z               1    3[COMMON] unsigned char 
 Return value:  Size  Location     Type
                  1    wreg      void 
 Registers used:
		wreg, status,2, status,0
 Tracked objects:
		On entry : 
		On exit  : 
		Unchanged: 
 Data sizes:     COMMON   BANK0   BANK1   BANK3   BANK2
      Params:         1       0       0       0       0
      Locals:         2       0       0       0       0
      Temps:          1       0       0       0       0
      Totals:         4       0       0       0       0
Total ram usage:        4 bytes
 Hardware stack levels used:    1
 This function calls:
		Nothing
 This function is called by:
		_Reset
		_Write_Byte
		_Read_Byte
		_Get_Temp
 This function uses a non-reentrant model


 *************** function _SetTime *****************
 Defined at:
		line 450 in file "main.c"
 Parameters:    Size  Location     Type
  Key             2    7[BANK0 ] int 
 Auto vars:     Size  Location     Type
  digits          9   15[BANK0 ] unsigned char [9]
  setTime         6   32[BANK0 ] int [3]
  i               2   38[BANK0 ] int 
  sec             2   30[BANK0 ] int 
  min             2   28[BANK0 ] int 
  hour            2   26[BANK0 ] int 
  TimeSet         1   25[BANK0 ] PTR unsigned char 
		 -> STR_21(9), 
  Time            1   24[BANK0 ] PTR unsigned char 
		 -> STR_20(6), 
 Return value:  Size  Location     Type
                  1    wreg      void 
 Registers used:
		wreg, fsr0l, fsr0h, status,2, status,0, btemp+1, pclath, cstack
 Tracked objects:
		On entry : 
		On exit  : 
		Unchanged: 
 Data sizes:     COMMON   BANK0   BANK1   BANK3   BANK2
      Params:         0       2       0       0       0
      Locals:         0      25       0       0       0
      Temps:          0       6       0       0       0
      Totals:         0      33       0       0       0
Total ram usage:       33 bytes
 Hardware stack levels used:    1
 Hardware stack levels required when called:    3
 This function calls:
		_Keypad_Scan
		_LCD_Command
		_LCD_SendString
		_Main_Delay
		_RealTimeClock_get_hours
		_RealTimeClock_get_minutes
		_RealTimeClock_get_seconds
		_RealTimeClock_set_hours
		_RealTimeClock_set_minutes
		_RealTimeClock_set_seconds
		___awdiv
		___awmod
 This function is called by:
		_main
 This function uses a non-reentrant model


 *************** function _RealTimeClock_set_seconds *****************
 Defined at:
		line 144 in file "realtimeclock.c"
 Parameters:    Size  Location     Type
  seconds         2    0[BANK0 ] int 
 Auto vars:     Size  Location     Type
		None
 Return value:  Size  Location     Type
                  1    wreg      void 
 Registers used:
		wreg, status,2, status,0, btemp+1, pclath, cstack
 Tracked objects:
		On entry : 
		On exit  : 
		Unchanged: 
 Data sizes:     COMMON   BANK0   BANK1   BANK3   BANK2
      Params:         0       2       0       0       0
      Locals:         0       0       0       0       0
      Temps:          0       0       0       0       0
      Totals:         0       2       0       0       0
Total ram usage:        2 bytes
 Hardware stack levels used:    1
 Hardware stack levels required when called:    2
 This function calls:
		_RealTimeClock_write_byte
		___int_to_hex
 This function is called by:
		_SetTime
 This function uses a non-reentrant model


 *************** function _RealTimeClock_set_minutes *****************
 Defined at:
		line 151 in file "realtimeclock.c"
 Parameters:    Size  Location     Type
[...]
 This function calls:
		Nothing
 This function is called by:
		_ChangeTrigger
		_HeatingControlOff
		_SetTime
		_SetDate
		_main
 This function uses a non-reentrant model


 *************** function _LCD_SendString *****************
 Defined at:
		line 69 in file "LCD.c"
 Parameters:    Size  Location     Type
  string          2    1[COMMON] PTR const unsigned char 
		 -> STR_31(4), STR_30(4), STR_29(4), STR_28(4), 
		 -> STR_27(4), STR_26(4), STR_25(4), STR_24(13), 
		 -> STR_23(6), STR_22(5), SetTime@digits(9), STR_21(9), 
		 -> STR_20(6), STR_19(6), STR_18(7), STR_17(16), 
		 -> STR_16(11), STR_15(12), STR_14(4), STR_13(3), 
		 -> STR_12(9), ChangeTrigger@digits(3), STR_11(12), STR_10(9), 
		 -> tempBuffer(6), STR_9(6), STR_8(6), STR_7(7), 
		 -> STR_6(9), STR_5(7), STR_4(9), STR_3(10), 
		 -> STR_2(8), STR_1(7), timeDisplayer(9), 
 Auto vars:     Size  Location     Type
  i               2    6[COMMON] int 
 Return value:  Size  Location     Type
                  1    wreg      void 
 Registers used:
		wreg, fsr0l, fsr0h, status,2, status,0, btemp+1, pclath, cstack
 Tracked objects:
		On entry : 
		On exit  : 
		Unchanged: 
 Data sizes:     COMMON   BANK0   BANK1   BANK3   BANK2
      Params:         2       0       0       0       0
      Locals:         2       0       0       0       0
      Temps:          3       0       0       0       0
      Totals:         7       0       0       0       0
Total ram usage:        7 bytes
 Hardware stack levels used:    1
 Hardware stack levels required when called:    2
 This function calls:
		_LCD_SendData
 This function is called by:
		_DisplayTime
		_DisplayDay
		_DisplayTemp
		_MainScreen
		_ChangeTrigger
		_SwapToHeatingDisplay
		_HeatingControlOff
		_SoundAlarm
		_DateDayScreen
		_SetTime
		_SetDate
 This function uses a non-reentrant model


 *************** function _LCD_SendData *****************
 Defined at:
		line 55 in file "LCD.c"
 Parameters:    Size  Location     Type
  c               1    wreg     unsigned char 
 Auto vars:     Size  Location     Type
  c               1    0[COMMON] unsigned char 
 Return value:  Size  Location     Type
                  1    wreg      void 
 Registers used:
		wreg, status,2, status,0, pclath, cstack
 Tracked objects:
		On entry : 
		On exit  : 
		Unchanged: 
 Data sizes:     COMMON   BANK0   BANK1   BANK3   BANK2
      Params:         0       0       0       0       0
      Locals:         1       0       0       0       0
      Temps:          0       0       0       0       0
      Totals:         1       0       0       0       0
Total ram usage:        1 bytes
 Hardware stack levels used:    1
 Hardware stack levels required when called:    1
 This function calls:
		_LCD_Busy
 This function is called by:
		_DisplayTemp
		_ChangeTrigger
		_Switch24Hour
		_LCD_SendString
 This function uses a non-reentrant model


 *************** function _LCD_Command *****************
 Defined at:
		line 34 in file "LCD.c"
 Parameters:    Size  Location     Type
  c               1    wreg     unsigned char 
 Auto vars:     Size  Location     Type
  c               1    0[COMMON] unsigned char 
 Return value:  Size  Location     Type
                  1    wreg      void 
 Registers used:
		wreg, status,2, status,0, pclath, cstack
 Tracked objects:
		On entry : 
		On exit  : 
		Unchanged: 
 Data sizes:     COMMON   BANK0   BANK1   BANK3   BANK2
      Params:         0       0       0       0       0
      Locals:         1       0       0       0       0
      Temps:          0       0       0       0       0
      Totals:         1       0       0       0       0
Total ram usage:        1 bytes
 Hardware stack levels used:    1
 Hardware stack levels required when called:    1
 This function calls:
		_LCD_Busy
 This function is called by:
		_ChangeTrigger
		_SwapToHeatingDisplay
		_HeatingControlOff
		_SoundAlarm
		_Switch24Hour
		_DateDayScreen
		_SetTime
		_SetDate
		_main
		_LCD_SecondLine
 This function uses a non-reentrant model


 *************** function _LCD_Busy *****************
 Defined at:
		line 6 in file "LCD.c"
 Parameters:    Size  Location     Type
		None
 Auto vars:     Size  Location     Type
		None
 Return value:  Size  Location     Type
                  1    wreg      void 
 Registers used:
		wreg, status,2
 Tracked objects:
		On entry : 
		On exit  : 
		Unchanged: 
 Data sizes:     COMMON   BANK0   BANK1   BANK3   BANK2
      Params:         0       0       0       0       0
      Locals:         0       0       0       0       0
      Temps:          0       0       0       0       0
      Totals:         0       0       0       0       0
Total ram usage:        0 bytes
 Hardware stack levels used:    1
 This function calls:
		Nothing
 This function is called by:
		_DisplayTemp
		_ChangeTrigger
		_LCD_Command
		_LCD_SendData
 This function uses a non-reentrant model


 *************** function _Keypad_Scan *****************
 Defined at:
		line 17 in file "KeyMatrix.c"
 Parameters:    Size  Location     Type
		None
 Auto vars:     Size  Location     Type
		None
 Return value:  Size  Location     Type
                  2    6[COMMON] int 
 Registers used:
		wreg, status,2, status,0, pclath, cstack
 Tracked objects:
		On entry : 
		On exit  : 
		Unchanged: 
 Data sizes:     COMMON   BANK0   BANK1   BANK3   BANK2
      Params:         2       0       0       0       0
      Locals:         0       0       0       0       0
      Temps:          0       0       0       0       0
      Totals:         2       0       0       0       0
Total ram usage:        2 bytes
 Hardware stack levels used:    1
 Hardware stack levels required when called:    1
 This function calls:
		_Key_Delay
 This function is called by:
		_ChangeTrigger
		_SwapToHeatingDisplay
		_HeatingControlOff
		_SoundAlarm
		_DateDayScreen
		_SetTime
		_SetDate
		_main
 This function uses a non-reentrant model


 *************** function _Key_Delay *****************
 Defined at:
		line 5 in file "KeyMatrix.c"
 Parameters:    Size  Location     Type
  k               2    0[COMMON] int 
 Auto vars:     Size  Location     Type
  j               2    4[COMMON] unsigned int 
  i               2    2[COMMON] unsigned int 
 Return value:  Size  Location     Type
                  1    wreg      void 
 Registers used:
		wreg, status,2
 Tracked objects:
		On entry : 
		On exit  : 
		Unchanged: 
 Data sizes:     COMMON   BANK0   BANK1   BANK3   BANK2
      Params:         2       0       0       0       0
      Locals:         4       0       0       0       0
      Temps:          0       0       0       0       0
      Totals:         6       0       0       0       0
Total ram usage:        6 bytes
 Hardware stack levels used:    1
 This function calls:
		Nothing
 This function is called by:
		_Keypad_Scan
 This function uses a non-reentrant model


 *************** function _CheckTime *****************
 Defined at:
		line 710 in file "main.c"
 Parameters:    Size  Location     Type
		None
 Auto vars:     Size  Location     Type
		None
 Return value:  Size  Location     Type
                  1    wreg      void 
 Registers used:
		wreg, status,2, status,0, btemp+1, pclath, cstack
 Tracked objects:
		On entry : 
		On exit  : 
		Unchanged: 
 Data sizes:     COMMON   BANK0   BANK1   BANK3   BANK2
      Params:         0       0       0       0       0
      Locals:         0       0       0       0       0
      Temps:          1       0       0       0       0
      Totals:         1       0       0       0       0
Total ram usage:        1 bytes
 Hardware stack levels used:    1
 Hardware stack levels required when called:    3
 This function calls:
		_RealTimeClock_get_hours
		_RealTimeClock_get_minutes
 This function is called by:
		_main
 This function uses a non-reentrant model


 *************** function _RealTimeClock_get_minutes *****************
 Defined at:
		line 96 in file "realtimeclock.c"
 Parameters:    Size  Location     Type
		None
 Auto vars:     Size  Location     Type
  c               1   11[COMMON] unsigned char 
 Return value:  Size  Location     Type
                  2    5[BANK0 ] int 
 Registers used:
		wreg, status,2, status,0, btemp+1, pclath, cstack
 Tracked objects:
		On entry : 
		On exit  : 
		Unchanged: 
 Data sizes:     COMMON   BANK0   BANK1   BANK3   BANK2
      Params:         0       2       0       0       0
      Locals:         1       0       0       0       0
      Temps:          1       0       0       0       0
      Totals:         2       2       0       0       0
Total ram usage:        4 bytes
 Hardware stack levels used:    1
 Hardware stack levels required when called:    2
 This function calls:
		_RealTimeClock_read_byte
		_RealTimeClock_write_byte
		___hex_to_int
 This function is called by:
		_DisplayTime
		_SetTime
		_CheckTime
 This function uses a non-reentrant model


 *************** function _RealTimeClock_get_hours *****************
 Defined at:
		line 104 in file "realtimeclock.c"
 Parameters:    Size  Location     Type
		None
 Auto vars:     Size  Location     Type
  c               1   11[COMMON] unsigned char 
 Return value:  Size  Location     Type
                  2    5[BANK0 ] int 
 Registers used:
		wreg, status,2, status,0, btemp+1, pclath, cstack
 Tracked objects:
		On entry : 
		On exit  : 
		Unchanged: 
 Data sizes:     COMMON   BANK0   BANK1   BANK3   BANK2
      Params:         0       2       0       0       0
      Locals:         1       0       0       0       0
      Temps:          1       0       0       0       0
      Totals:         2       2       0       0       0
Total ram usage:        4 bytes
 Hardware stack levels used:    1
 Hardware stack levels required when called:    2
 This function calls:
		_RealTimeClock_read_byte
		_RealTimeClock_write_byte
		___hex_to_int
 This function is called by:
		_DisplayTime
		_SetTime
		_CheckTime
 This function uses a non-reentrant model


 *************** function ___hex_to_int *****************
 Defined at:
		line 5 in file "realtimeclock.c"
 Parameters:    Size  Location     Type
  hex             1    wreg     unsigned char 
 Auto vars:     Size  Location     Type
  hex             1    0[BANK0 ] unsigned char 
  i               2    1[BANK0 ] int 
  t               2    3[BANK0 ] int 
 Return value:  Size  Location     Type
                  2    7[COMMON] int 
 Registers used:
		wreg, status,2, status,0, pclath, cstack
 Tracked objects:
		On entry : 
		On exit  : 
		Unchanged: 
 Data sizes:     COMMON   BANK0   BANK1   BANK3   BANK2
      Params:         2       0       0       0       0
      Locals:         0       5       0       0       0
      Temps:          1       0       0       0       0
      Totals:         3       5       0       0       0
Total ram usage:        8 bytes
 Hardware stack levels used:    1
 Hardware stack levels required when called:    1
 This function calls:
		___awmod
 This function is called by:
		_RealTimeClock_get_seconds
		_RealTimeClock_get_minutes
		_RealTimeClock_get_hours
		_RealTimeClock_get_day_of_month
		_RealTimeClock_get_month
		_RealTimeClock_get_day_of_week
		_RealTimeClock_get_year
		_RealTimeClock_get_burst_time
 This function uses a non-reentrant model


 *************** function ___awmod *****************
 Defined at:
		line 5 in file "C:\Program Files (x86)\Microchip\xc8\v2.00\pic\sources\c90\common\awmod.c"
 Parameters:    Size  Location     Type
  divisor         2    0[COMMON] int 
  dividend        2    2[COMMON] int 
 Auto vars:     Size  Location     Type
  sign            1    6[COMMON] unsigned char 
  counter         1    5[COMMON] unsigned char 
 Return value:  Size  Location     Type
                  2    0[COMMON] int 
 Registers used:
		wreg, status,2, status,0
 Tracked objects:
		On entry : 
		On exit  : 
		Unchanged: 
 Data sizes:     COMMON   BANK0   BANK1   BANK3   BANK2
      Params:         4       0       0       0       0
      Locals:         2       0       0       0       0
      Temps:          1       0       0       0       0
      Totals:         7       0       0       0       0
Total ram usage:        7 bytes
 Hardware stack levels used:    1
 This function calls:
		Nothing
 This function is called by:
		_DisplayTime
		_DisplayDate
		_ChangeTrigger
		_Switch24Hour
		_SetTime
		___hex_to_int
		___int_to_hex
		_Get_Temp
 This function uses a non-reentrant model


 *************** function _RealTimeClock_write_byte *****************
 Defined at:
		line 26 in file "realtimeclock.c"
 Parameters:    Size  Location     Type
  time_tx         1    wreg     unsigned char 
 Auto vars:     Size  Location     Type
  time_tx         1    4[COMMON] unsigned char 
  i               2    2[COMMON] int 
 Return value:  Size  Location     Type
                  1    wreg      void 
 Registers used:
		wreg, status,2, status,0, btemp+1
 Tracked objects:
		On entry : 
		On exit  : 
		Unchanged: 
 Data sizes:     COMMON   BANK0   BANK1   BANK3   BANK2
      Params:         0       0       0       0       0
      Locals:         3       0       0       0       0
      Temps:          2       0       0       0       0
      Totals:         5       0       0       0       0
Total ram usage:        5 bytes
 Hardware stack levels used:    1
 This function calls:
		Nothing
 This function is called by:
		_RealTimeClock_set_burst_time
		_RealTimeClock_init
		_RealTimeClock_get_seconds
		_RealTimeClock_get_minutes
		_RealTimeClock_get_hours
		_RealTimeClock_get_day_of_month
		_RealTimeClock_get_month
		_RealTimeClock_get_day_of_week
		_RealTimeClock_get_year
		_RealTimeClock_set_seconds
		_RealTimeClock_set_minutes
		_RealTimeClock_set_hours
		_RealTimeClock_set_day_of_week
		_RealTimeClock_get_burst_time
 This function uses a non-reentrant model


 *************** function _RealTimeClock_read_byte *****************
 Defined at:
		line 39 in file "realtimeclock.c"
 Parameters:    Size  Location     Type
		None
 Auto vars:     Size  Location     Type
  i               2    3[COMMON] int 
  time_rx         1    2[COMMON] unsigned char 
 Return value:  Size  Location     Type
                  1    wreg      unsigned char 
 Registers used:
		wreg, status,2, status,0, btemp+1
 Tracked objects:
		On entry : 
		On exit  : 
		Unchanged: 
 Data sizes:     COMMON   BANK0   BANK1   BANK3   BANK2
      Params:         0       0       0       0       0
      Locals:         3       0       0       0       0
      Temps:          2       0       0       0       0
      Totals:         5       0       0       0       0
Total ram usage:        5 bytes
 Hardware stack levels used:    1
 This function calls:
		Nothing
 This function is called by:
		_RealTimeClock_get_seconds
		_RealTimeClock_get_minutes
		_RealTimeClock_get_hours
		_RealTimeClock_get_day_of_month
		_RealTimeClock_get_month
		_RealTimeClock_get_day_of_week
		_RealTimeClock_get_year
		_RealTimeClock_get_burst_time
 This function uses a non-reentrant model


 *************** function _Buzzer_Init *****************
 Defined at:
		line 6 in file "Buzzer.c"
 Parameters:    Size  Location     Type
		None
 Auto vars:     Size  Location     Type
		None
 Return value:  Size  Location     Type
                  1    wreg      void 
 Registers used:
		None
 Tracked objects:
		On entry : 
		On exit  : 
		Unchanged: 
 Data sizes:     COMMON   BANK0   BANK1   BANK3   BANK2
      Params:         0       0       0       0       0
      Locals:         0       0       0       0       0
      Temps:          0       0       0       0       0
      Totals:         0       0       0       0       0
Total ram usage:        0 bytes
 Hardware stack levels used:    1
 This function calls:
		Nothing
 This function is called by:
		_main
 This function uses a non-reentrant model



MODULE INFORMATION

Module		Function		Class		Link	Load	Size
C:\Program Files (x86)\Microchip\xc8\v2.00\pic\sources\c90\common\lwmod.c
		___lwmod       		CODE           	12DE	0000	66

C:\Program Files (x86)\Microchip\xc8\v2.00\pic\sources\c90\common\lwmod.c estimated size: 66

C:\Program Files (x86)\Microchip\xc8\v2.00\pic\sources\c90\common\awmod.c
		___awmod       		CODE           	155D	0000	100

C:\Program Files (x86)\Microchip\xc8\v2.00\pic\sources\c90\common\awmod.c estimated size: 100

C:\Program Files (x86)\Microchip\xc8\v2.00\pic\sources\c90\common\Umul16.c
		___wmul        		CODE           	10E9	0000	41

C:\Program Files (x86)\Microchip\xc8\v2.00\pic\sources\c90\common\Umul16.c estimated size: 41

C:\Program Files (x86)\Microchip\xc8\v2.00\pic\sources\c90\common\lwdiv.c
		___lwdiv       		CODE           	1474	0000	76

C:\Program Files (x86)\Microchip\xc8\v2.00\pic\sources\c90\common\lwdiv.c estimated size: 76

Buzzer.c
		_Buzzer_Init   		CODE           	1DCE	0000	5
		_SoundOff      		CODE           	1DD2	0000	5
		_SoundOn       		CODE           	1DD6	0000	5

Buzzer.c estimated size: 15

C:\Program Files (x86)\Microchip\xc8\v2.00\pic\sources\c90\common\awdiv.c
		___awdiv       		CODE           	15C0	0000	114

C:\Program Files (x86)\Microchip\xc8\v2.00\pic\sources\c90\common\awdiv.c estimated size: 114

shared
		__stringtab    		STRING         	1000	0000	17
		__initialization		CODE           	07B9	0000	68

shared estimated size: 85

Thermometer.c
		_Read_Byte     		CODE           	13A5	0000	69
		_Get_Temp      		CODE           	0E70	0000	401
		_Write_Byte    		CODE           	13E9	0000	69
		_Thermometer_Init		CODE           	1DE8	0000	8
		_Reset         		CODE           	1222	0000	62
		_Delay         		CODE           	1E45	0000	22

Thermometer.c estimated size: 631

main.c
		_DateDayScreen 		CODE           	16A4	0000	128
		_SetDate       		CODE           	0CE1	0000	400
		_ChangeTrigger 		CODE           	0B74	0000	366
		_HeatingControlOff		CODE           	0A8A	0000	235
		_Main_Delay    		CODE           	125F	0000	63
		_Switch24Hour  		CODE           	1176	0000	55
		_main          		CODE           	02A6	0000	563
		_SetTime       		CODE           	04D8	0000	738
		_CheckDay      		CODE           	129D	0000	66
		_CheckTime     		CODE           	09A2	0000	233
		_SoundAlarm    		CODE           	000C	0000	212
		_SwapToHeatingDisplay		CODE           	1631	0000	116
		_MainScreen    		CODE           	1143	0000	52
		_DisplayDay    		CODE           	080B	0000	178
		_DisplayDate   		CODE           	1723	0000	222
		_DisplayTime   		CODE           	08BC	0000	231
		_DisplayTemp   		CODE           	1FDA	0000	39

main.c estimated size: 3897

KeyMatrix.c
		_Key_Delay     		CODE           	1111	0000	51
		_Keypad_Scan   		CODE           	00DF	0000	456
		_Init_Keypad   		CODE           	0803	0000	9

KeyMatrix.c estimated size: 516

realtimeclock.c
		_RealTimeClock_set_hours		CODE           	1E77	0000	30
		_RealTimeClock_get_seconds		CODE           	1FB8	0000	35
		_RealTimeClock_set_seconds		CODE           	1EB1	0000	30
		_RealTimeClock_get_month		CODE           	1F52	0000	35
		_RealTimeClock_get_day_of_week		CODE           	1F96	0000	35
		_RealTimeClock_read_byte		CODE           	142D	0000	72
		_RealTimeClock_set_day_of_week		CODE           	1E5A	0000	30
		_RealTimeClock_get_minutes		CODE           	1F0E	0000	35
		_RealTimeClock_set_minutes		CODE           	1E94	0000	30
		_RealTimeClock_get_day_of_month		CODE           	1F30	0000	35
		_RealTimeClock_get_year		CODE           	1F74	0000	35
		___hex_to_int  		CODE           	14BF	0000	80
		___int_to_hex  		CODE           	131F	0000	67
		_RealTimeClock_write_byte		CODE           	11AC	0000	60
		_RealTimeClock_set_burst_time		CODE           	150E	0000	80
		_RealTimeClock_init		CODE           	1ECE	0000	31
		_RealTimeClock_get_hours		CODE           	1EEC	0000	35

realtimeclock.c estimated size: 755

LCD.c
		_LCD_Init      		CODE           	1DE1	0000	8
		_LCD_Busy      		CODE           	1E30	0000	22
		_LCD_Command   		CODE           	1DEF	0000	16
		_LCD_SendData  		CODE           	1DFE	0000	16
		_LCD_SendString		CODE           	1361	0000	69
		_LCD_SecondLine		CODE           	1DDA	0000	8

LCD.c estimated size: 139

